Microchip MPLAB XC8 Compiler V2.00 ()

Linker command line:

-W-3 --edf=C:\Program Files (x86)\Microchip\xc8\v2.00\pic\dat\en_msgs.txt \
  -cs -h+dist/default/production\bluetooth.X.production.sym \
  --cmf=dist/default/production\bluetooth.X.production.cmf -z -Q16F887 \
  -oC:\Users\18175259\AppData\Local\Temp\s75k.2 \
  -Mdist/default/production/bluetooth.X.production.map -E1 -ver=XC8 \
  --acfsm=1493 -ASTACK=0110h-016fh -pstack=STACK -ACODE=00h-07FFhx4 \
  -ASTRCODE=00h-01FFFh -ASTRING=00h-0FFhx32 -ACONST=00h-0FFhx32 \
  -AENTRY=00h-0FFhx32 -ACOMMON=070h-07Fh -ABANK0=020h-06Fh \
  -ABANK1=0A0h-0EFh -ABANK2=0110h-016Fh -ABANK3=0190h-01EFh \
  -ARAM=020h-06Fh,0A0h-0EFh,0110h-016Fh,0190h-01EFh \
  -AABS1=020h-07Fh,0A0h-0EFh,0110h-016Fh,0190h-01EFh -ASFR0=00h-01Fh \
  -ASFR1=080h-09Fh -ASFR2=0100h-010Fh -ASFR3=0180h-018Fh \
  -preset_vec=00h,intentry=04h,init,end_init -ppowerup=CODE -pcinit=CODE \
  -pfunctab=ENTRY -ACONFIG=02007h-02008h -pconfig=CONFIG -DCONFIG=2 \
  -AIDLOC=02000h-02003h -pidloc=IDLOC -DIDLOC=2 -AEEDATA=00h-0FFh/02100h \
  -peeprom_data=EEDATA -DEEDATA=2 -DCODE=2 -DSTRCODE=2 -DSTRING=2 -DCONST=2 \
  -DENTRY=2 -k C:\Users\18175259\AppData\Local\Temp\s75k.o \
  dist/default/production\bluetooth.X.production.o 

Object code version is 3.11

Machine type is 16F887



                Name                               Link     Load   Length Selector   Space Scale
C:\Users\18175259\AppData\Local\Temp\s75k.o
                end_init                             10       10        3        8       0
                reset_vec                             0        0        3        0       0
                config                             2007     2007        2     400E       0
dist/default/production\bluetooth.X.production.o
                cinit                                13       13       14        8       0
                intentry                              4        4        C        8       0
                text55                             135F     135F       4B     26BE       0
                text54                             114F     114F       20     229E       0
                text53                             103C     103C       13     2078       0
                text52                             10FD     10FD       1B     21FA       0
                text51                             11CF     11CF       23     239E       0
                text50                             11F2     11F2       25     23E4       0
                text49                             1FDB     1FDB        5     3FB6       0
                text48                             10AF     10AF       1A     215E       0
                text47                             1FEB     1FEB        7     3FD6       0
                text46                             10C9     10C9       1A     2192       0
                text45                             1FE0     1FE0        5     3FC0       0
                text44                             10E3     10E3       1A     21C6       0
                text43                             14A1     14A1       5A     2942       0
                text42                             1065     1065       18     20CA       0
                text41                             12C1     12C1       30     2582       0
                text40                              A09      A09       32     1412       0
                text39                              E03      E03      1FD     1C06       0
                text38                             1030     1030        C     2060       0
                text37                             13AA     13AA       4D     2754       0
                text36                             1217     1217       29     242E       0
                text35                             1025     1025        B     204A       0
                text34                             12F1     12F1       34     25E2       0
                text33                             107D     107D       19     20FA       0
                text32                             104F     104F       16     209E       0
                text31                             1FF2     1FF2        7     3FE4       0
                text30                             1118     1118       1B     2230       0
                text29                              BA2      BA2       AA     1744       0
                text28                             15B1     15B1       60     2B62       0
                text27                             14FB     14FB       5B     29F6       0
                text26                             1FE5     1FE5        6     3FCA       0
                text25                             1240     1240       29     2480       0
                text24                              B01      B01       A1     1602       0
                text23                             1269     1269       2B     24D2       0
                text22                              C4C      C4C       BA     1898       0
                text21                             1133     1133       1C     2266       0
                text20                             116F     116F       20     22DE       0
                text19                             118F     118F       20     231E       0
                text18                             11AF     11AF       20     235E       0
                text17                              D06      D06       FD     1A0C       0
                text16                             1556     1556       5B     2AAC       0
                text15                             1FF9     1FF9        7     3FF2       0
                text14                             1016     1016        7     202C       0
                text13                             1611     1611       63     2C22       0
                text12                             1674     1674       63     2CE8       0
                text11                             16D7     16D7       63     2DAE       0
                text10                             173A     173A       63     2E74       0
                text9                              179D     179D       63     2F3A       0
                text8                               A3B      A3B       63     1476       0
                text7                               A9E      A9E       63     153C       0
                text6                               599      599       63        8       0
                text5                              13F7     13F7       55     27EE       0
                text4                              144C     144C       55     2898       0
                text3                              1294     1294       2D     2528       0
                text2                              1096     1096       19     212C       0
                text1                              1325     1325       3A     264A       0
                maintext                             27       27      572        8       0
                cstackBANK0                          20       20       28       20       1
                cstackCOMMON                         70       70        C       70       1
                clrtext                            101D     101D        8     203A       0
                bssBANK1                             A0       A0       1E       A0       1
                bssBANK0                             48       48        D       20       1
                bssCOMMON                            7C       7C        1       70       1
                stringtext                          600      600      409        C       0
                strings                            1000     1000       12     2000       0

TOTAL           Name                               Link     Load   Length     Space
        CLASS   STACK          

        CLASS   CODE           
                end_init                             10       10        3         0
                cinit                                13       13       14         0
                intentry                              4        4        C         0
                reset_vec                             0        0        3         0
                text55                             135F     135F       4B         0
                text54                             114F     114F       20         0
                text53                             103C     103C       13         0
                text52                             10FD     10FD       1B         0
                text51                             11CF     11CF       23         0
                text50                             11F2     11F2       25         0
                text49                             1FDB     1FDB        5         0
                text48                             10AF     10AF       1A         0
                text47                             1FEB     1FEB        7         0
                text46                             10C9     10C9       1A         0
                text45                             1FE0     1FE0        5         0
                text44                             10E3     10E3       1A         0
                text43                             14A1     14A1       5A         0
                text42                             1065     1065       18         0
                text41                             12C1     12C1       30         0
                text40                              A09      A09       32         0
                text39                              E03      E03      1FD         0
                text38                             1030     1030        C         0
                text37                             13AA     13AA       4D         0
                text36                             1217     1217       29         0
                text35                             1025     1025        B         0
                text34                             12F1     12F1       34         0
                text33                             107D     107D       19         0
                text32                             104F     104F       16         0
                text31                             1FF2     1FF2        7         0
                text30                             1118     1118       1B         0
                text29                              BA2      BA2       AA         0
                text28                             15B1     15B1       60         0
                text27                             14FB     14FB       5B         0
                text26                             1FE5     1FE5        6         0
                text25                             1240     1240       29         0
                text24                              B01      B01       A1         0
                text23                             1269     1269       2B         0
                text22                              C4C      C4C       BA         0
                text21                             1133     1133       1C         0
                text20                             116F     116F       20         0
                text19                             118F     118F       20         0
                text18                             11AF     11AF       20         0
                text17                              D06      D06       FD         0
                text16                             1556     1556       5B         0
                text15                             1FF9     1FF9        7         0
                text14                             1016     1016        7         0
                text13                             1611     1611       63         0
                text12                             1674     1674       63         0
                text11                             16D7     16D7       63         0
                text10                             173A     173A       63         0
                text9                              179D     179D       63         0
                text8                               A3B      A3B       63         0
                text7                               A9E      A9E       63         0
                text6                               599      599       63         0
                text5                              13F7     13F7       55         0
                text4                              144C     144C       55         0
                text3                              1294     1294       2D         0
                text2                              1096     1096       19         0
                text1                              1325     1325       3A         0
                maintext                             27       27      572         0
                clrtext                            101D     101D        8         0

        CLASS   STRCODE        
                stringtext                          600      600      409         0

        CLASS   STRING         
                strings                            1000     1000       12         0

        CLASS   CONST          

        CLASS   ENTRY          

        CLASS   COMMON         
                cstackCOMMON                         70       70        C         1
                bssCOMMON                            7C       7C        1         1

        CLASS   BANK0          
                cstackBANK0                          20       20       28         1
                bssBANK0                             48       48        D         1

        CLASS   BANK1          
                bssBANK1                             A0       A0       1E         1

        CLASS   BANK2          

        CLASS   BANK3          

        CLASS   RAM            

        CLASS   ABS1           
                abs_s1                               7E       7E        2         1

        CLASS   SFR0           

        CLASS   SFR1           

        CLASS   SFR2           

        CLASS   SFR3           

        CLASS   CONFIG         
                config                             2007     2007        2         0

        CLASS   IDLOC          

        CLASS   EEDATA         



SEGMENTS        Name                           Load    Length   Top    Selector   Space  Class     Delta

                reset_vec                      000000  000003  000003         0       0  CODE        2
                intentry                       000004  0005F8  0005FC         8       0  CODE        2
                cstackBANK0                    000020  000035  000055        20       1  BANK0       1
                cstackCOMMON                   000070  00000D  00007D        70       1  COMMON      1
                bssBANK1                       0000A0  00001E  0000BE        A0       1  BANK1       1
                stringtext                     000600  000409  000A09         C       0  STRCODE     2
                text40                         000A09  000032  000A3B      1412       0  CODE        2
                text8                          000A3B  000063  000A9E      1476       0  CODE        2
                text7                          000A9E  000063  000B01      153C       0  CODE        2
                text24                         000B01  0000A1  000BA2      1602       0  CODE        2
                text29                         000BA2  0000AA  000C4C      1744       0  CODE        2
                text22                         000C4C  0000BA  000D06      1898       0  CODE        2
                text17                         000D06  0000FD  000E03      1A0C       0  CODE        2
                text39                         000E03  0001FD  001000      1C06       0  CODE        2
                strings                        001000  000012  001012      2000       0  STRING      2
                text14                         001016  000007  00101D      202C       0  CODE        2
                clrtext                        00101D  000008  001025      203A       0  CODE        2
                text35                         001025  00000B  001030      204A       0  CODE        2
                text38                         001030  00000C  00103C      2060       0  CODE        2
                text53                         00103C  000013  00104F      2078       0  CODE        2
                text32                         00104F  000016  001065      209E       0  CODE        2
                text42                         001065  000018  00107D      20CA       0  CODE        2
                text33                         00107D  000019  001096      20FA       0  CODE        2
                text2                          001096  000019  0010AF      212C       0  CODE        2
                text48                         0010AF  00001A  0010C9      215E       0  CODE        2
                text46                         0010C9  00001A  0010E3      2192       0  CODE        2
                text44                         0010E3  00001A  0010FD      21C6       0  CODE        2
                text52                         0010FD  00001B  001118      21FA       0  CODE        2
                text30                         001118  00001B  001133      2230       0  CODE        2
                text21                         001133  00001C  00114F      2266       0  CODE        2
                text54                         00114F  000020  00116F      229E       0  CODE        2
                text20                         00116F  000020  00118F      22DE       0  CODE        2
                text19                         00118F  000020  0011AF      231E       0  CODE        2
                text18                         0011AF  000020  0011CF      235E       0  CODE        2
                text51                         0011CF  000023  0011F2      239E       0  CODE        2
                text50                         0011F2  000025  001217      23E4       0  CODE        2
                text36                         001217  000029  001240      242E       0  CODE        2
                text25                         001240  000029  001269      2480       0  CODE        2
                text23                         001269  00002B  001294      24D2       0  CODE        2
                text3                          001294  00002D  0012C1      2528       0  CODE        2
                text41                         0012C1  000030  0012F1      2582       0  CODE        2
                text34                         0012F1  000034  001325      25E2       0  CODE        2
                text1                          001325  00003A  00135F      264A       0  CODE        2
                text55                         00135F  00004B  0013AA      26BE       0  CODE        2
                text37                         0013AA  00004D  0013F7      2754       0  CODE        2
                text5                          0013F7  000055  00144C      27EE       0  CODE        2
                text4                          00144C  000055  0014A1      2898       0  CODE        2
                text43                         0014A1  00005A  0014FB      2942       0  CODE        2
                text27                         0014FB  00005B  001556      29F6       0  CODE        2
                text16                         001556  00005B  0015B1      2AAC       0  CODE        2
                text28                         0015B1  000060  001611      2B62       0  CODE        2
                text13                         001611  000063  001674      2C22       0  CODE        2
                text12                         001674  000063  0016D7      2CE8       0  CODE        2
                text11                         0016D7  000063  00173A      2DAE       0  CODE        2
                text10                         00173A  000063  00179D      2E74       0  CODE        2
                text9                          00179D  000063  001800      2F3A       0  CODE        2
                text49                         001FDB  000005  001FE0      3FB6       0  CODE        2
                text45                         001FE0  000005  001FE5      3FC0       0  CODE        2
                text26                         001FE5  000006  001FEB      3FCA       0  CODE        2
                text47                         001FEB  000007  001FF2      3FD6       0  CODE        2
                text31                         001FF2  000007  001FF9      3FE4       0  CODE        2
                text15                         001FF9  000007  002000      3FF2       0  CODE        2
                config                         002007  000002  002009      400E       0  CONFIG      2


UNUSED ADDRESS RANGES

        Name                Unused          Largest block    Delta
        BANK0            0055-006F             1B           1
        BANK1            00BE-00EF             32           1
        BANK2            0110-016F             60           1
        BANK3            0190-01EF             60           1
        CODE             0003-0003              1           2
                         05FC-05FF              4
                         1012-1015              4
                         1800-1FDA            7DB
        COMMON           007D-007D              1           1
        CONST            0003-0003              1           2
                         05FC-05FF              4
                         1012-1015              4
                         1800-1FDA            100
        EEDATA           2100-21FF            100           2
        ENTRY            0003-0003              1           2
                         05FC-05FF              4
                         1012-1015              4
                         1800-1FDA            100
        IDLOC            2000-2003              4           2
        RAM              0055-006F             1B           1
                         00BE-00EF             32
                         0110-016F             60
                         0190-01EF             60
        SFR0             0000-001F             20           1
        SFR1             0080-009F             20           1
        SFR2             0100-010F             10           1
        SFR3             0180-018F             10           1
        STACK            0110-016F             60           1
        STRCODE          0003-0003              1           2
                         05FC-05FF              4
                         1012-1015              4
                         1800-1FDA            7DB
        STRING           0003-0003              1           2
                         05FC-05FF              4
                         1012-1015              4
                         1800-1FDA            100

                                  Symbol Table

?___awdiv                     cstackBANK0  0025
?___awmod                     cstackBANK0  0023
?___lldiv                     cstackBANK0  0023
?_statusT0                    cstackBANK0  0023
?_statusT0limite              cstackBANK0  0023
?i1___awmod                   cstackCOMMON 0070
_ANSEL                        (abs)        0188
_ANSELH                       (abs)        0189
_B1                           text49       1FDB
_B2                           text47       1FEB
_B3                           text45       1FE0
_BAUDCTLbits                  (abs)        0187
_CCP1CON                      (abs)        0017
_INTCONbits                   (abs)        000B
_LCD                          (abs)        0008
_OPTION_REGbits               (abs)        0081
_PIE1bits                     (abs)        008C
_PIR1bits                     (abs)        000C
_PORTB                        (abs)        0006
_PORTBbits                    (abs)        0006
_PORTCbits                    (abs)        0007
_RCREG                        (abs)        001A
_RCSTAbits                    (abs)        0018
_SPBRbits                     (abs)        0099
_SSPSTATbits                  (abs)        0094
_TMR0                         (abs)        0001
_TRISAbits                    (abs)        0085
_TRISB                        (abs)        0086
_TRISCbits                    (abs)        0087
_TRISD                        (abs)        0088
_TXREG                        (abs)        0019
_TXSTAbits                    (abs)        0098
__CFG_BOR4V$BOR40V            (abs)        0000
__CFG_BOREN$ON                (abs)        0000
__CFG_CP$OFF                  (abs)        0000
__CFG_CPD$OFF                 (abs)        0000
__CFG_FCMEN$ON                (abs)        0000
__CFG_FOSC$HS                 (abs)        0000
__CFG_IESO$ON                 (abs)        0000
__CFG_LVP$OFF                 (abs)        0000
__CFG_MCLRE$ON                (abs)        0000
__CFG_PWRTE$ON                (abs)        0000
__CFG_WDTE$OFF                (abs)        0000
__CFG_WRT$OFF                 (abs)        0000
__Habs1                       abs1         0000
__Hbank0                      bank0        0000
__Hbank1                      bank1        0000
__Hbank2                      bank2        0000
__Hbank3                      bank3        0000
__HbssBANK0                   bssBANK0     0000
__HbssBANK1                   bssBANK1     0000
__HbssCOMMON                  bssCOMMON    0000
__Hcinit                      cinit        0027
__Hclrtext                    clrtext      0000
__Hcode                       code         0000
__Hcommon                     common       0000
__Hconfig                     config       2009
__HcstackBANK0                cstackBANK0  0000
__HcstackCOMMON               cstackCOMMON 0000
__Heeprom_data                eeprom_data  0000
__Hend_init                   end_init     0013
__Hfunctab                    functab      0000
__Hidloc                      idloc        0000
__Hinit                       init         0010
__Hintentry                   intentry     0010
__Hmaintext                   maintext     0000
__Hpowerup                    powerup      0000
__Hram                        ram          0000
__Hreset_vec                  reset_vec    0003
__Hsfr0                       sfr0         0000
__Hsfr1                       sfr1         0000
__Hsfr2                       sfr2         0000
__Hsfr3                       sfr3         0000
__Hspace_0                    (abs)        2009
__Hspace_1                    (abs)        00BE
__Hspace_2                    (abs)        0000
__Hspace_3                    (abs)        0000
__Hstack                      stack        0000
__Hstrings                    strings      0000
__Hstringtext                 stringtext   0000
__Htext                       text         0000
__Labs1                       abs1         0000
__Lbank0                      bank0        0000
__Lbank1                      bank1        0000
__Lbank2                      bank2        0000
__Lbank3                      bank3        0000
__LbssBANK0                   bssBANK0     0000
__LbssBANK1                   bssBANK1     0000
__LbssCOMMON                  bssCOMMON    0000
__Lcinit                      cinit        0013
__Lclrtext                    clrtext      0000
__Lcode                       code         0000
__Lcommon                     common       0000
__Lconfig                     config       2007
__LcstackBANK0                cstackBANK0  0000
__LcstackCOMMON               cstackCOMMON 0000
__Leeprom_data                eeprom_data  0000
__Lend_init                   end_init     0010
__Lfunctab                    functab      0000
__Lidloc                      idloc        0000
__Linit                       init         0010
__Lintentry                   intentry     0004
__Lmaintext                   maintext     0000
__Lpowerup                    powerup      0000
__Lram                        ram          0000
__Lreset_vec                  reset_vec    0000
__Lsfr0                       sfr0         0000
__Lsfr1                       sfr1         0000
__Lsfr2                       sfr2         0000
__Lsfr3                       sfr3         0000
__Lspace_0                    (abs)        0000
__Lspace_1                    (abs)        0000
__Lspace_2                    (abs)        0000
__Lspace_3                    (abs)        0000
__Lstack                      stack        0000
__Lstrings                    strings      0000
__Lstringtext                 stringtext   0000
__Ltext                       text         0000
__S0                          (abs)        2009
__S1                          (abs)        00BE
__S2                          (abs)        0000
__S3                          (abs)        0000
___awdiv                      text16       1556
___awdiv@counter              cstackBANK0  002A
___awdiv@dividend             cstackBANK0  0027
___awdiv@divisor              cstackBANK0  0025
___awdiv@quotient             cstackBANK0  002C
___awdiv@sign                 cstackBANK0  002B
___awmod                      text37       13AA
___awmod@counter              cstackBANK0  0028
___awmod@dividend             cstackBANK0  0025
___awmod@divisor              cstackBANK0  0023
___awmod@sign                 cstackBANK0  0029
___int_sp                     stack        0000
___latbits                    (abs)        0002
___lldiv                      text28       15B1
___lldiv@counter              cstackBANK0  0030
___lldiv@dividend             cstackBANK0  0027
___lldiv@divisor              cstackBANK0  0023
___lldiv@quotient             cstackBANK0  002C
___sp                         stack        0000
__end_of_B1                   text49       1FE0
__end_of_B2                   text47       1FF2
__end_of_B3                   text45       1FE5
__end_of___awdiv              text16       15B1
__end_of___awmod              text37       13F7
__end_of___lldiv              text28       1611
__end_of__initialization      cinit        0023
__end_of__stringtab           strings      1012
__end_of_asciiToHex           text50       1217
__end_of_bordaSubidaB1        text48       10C9
__end_of_bordaSubidaB2        text46       10E3
__end_of_bordaSubidaB3        text44       10FD
__end_of_cmdLCD               text43       14FB
__end_of_easterEgg            text39       1000
__end_of_errorRxEUSART        text38       103C
__end_of_geral                text51       11F2
__end_of_getFIFO              text36       1240
__end_of_gotoxy               text42       107D
__end_of_hexToAscii           text3        12C1
__end_of_initBT               text35       1030
__end_of_initEUSART           text27       1556
__end_of_initLCD              text34       1325
__end_of_initSerial           text32       1065
__end_of_initTimer0           text30       1133
__end_of_interrupt_EUSART_RX  text53       104F
__end_of_intt0_1ms            text52       1118
__end_of_logo                 text29       0C4C
__end_of_main                 maintext     0599
__end_of_master1              text24       0BA2
__end_of_putFIFO              text54       116F
__end_of_putLCD               text41       12F1
__end_of_resetErrorRxEUSART   text23       1294
__end_of_serialIn             text2        10AF
__end_of_serialOut            text33       1096
__end_of_setT0limite          text31       1FF9
__end_of_slave1               text22       0D06
__end_of_statusFIFO           text21       114F
__end_of_statusT0             text15       2000
__end_of_statusT0limite       text14       101D
__end_of_textCMdat            text20       118F
__end_of_textCMpar            text19       11AF
__end_of_textConfig           text18       11CF
__end_of_textLoading          text17       0E03
__end_of_textSelection1       text13       1674
__end_of_textSelection2       text12       16D7
__end_of_textSelection3       text11       173A
__end_of_textSelection4       text10       179D
__end_of_textSelection5       text9        1800
__end_of_textSelection6       text8        0A9E
__end_of_textSelection7       text7        0B01
__end_of_textSelection8       text6        05FC
__end_of_textSelectionCLP     text5        144C
__end_of_textSelectionEST     text4        14A1
__end_of_transmite            text1        135F
__end_of_writeEUSART          text26       1FEB
__end_of_writeLCD             text40       0A3B
__end_of_writeString          text25       1269
__end_ofi1___awmod            text55       13AA
__initialization              cinit        0013
__pbssBANK0                   bssBANK0     0048
__pbssBANK1                   bssBANK1     00A0
__pbssCOMMON                  bssCOMMON    007C
__pcstackBANK0                cstackBANK0  0020
__pcstackCOMMON               cstackCOMMON 0070
__pintentry                   intentry     0004
__pmaintext                   maintext     0027
__pstrings                    strings      1000
__pstringtext                 stringtext   0600
__ptext0                      text0        0000
__ptext1                      text1        1325
__ptext10                     text10       173A
__ptext11                     text11       16D7
__ptext12                     text12       1674
__ptext13                     text13       1611
__ptext14                     text14       1016
__ptext15                     text15       1FF9
__ptext16                     text16       1556
__ptext17                     text17       0D06
__ptext18                     text18       11AF
__ptext19                     text19       118F
__ptext2                      text2        1096
__ptext20                     text20       116F
__ptext21                     text21       1133
__ptext22                     text22       0C4C
__ptext23                     text23       1269
__ptext24                     text24       0B01
__ptext25                     text25       1240
__ptext26                     text26       1FE5
__ptext27                     text27       14FB
__ptext28                     text28       15B1
__ptext29                     text29       0BA2
__ptext3                      text3        1294
__ptext30                     text30       1118
__ptext31                     text31       1FF2
__ptext32                     text32       104F
__ptext33                     text33       107D
__ptext34                     text34       12F1
__ptext35                     text35       1025
__ptext36                     text36       1217
__ptext37                     text37       13AA
__ptext38                     text38       1030
__ptext39                     text39       0E03
__ptext4                      text4        144C
__ptext40                     text40       0A09
__ptext41                     text41       12C1
__ptext42                     text42       1065
__ptext43                     text43       14A1
__ptext44                     text44       10E3
__ptext45                     text45       1FE0
__ptext46                     text46       10C9
__ptext47                     text47       1FEB
__ptext48                     text48       10AF
__ptext49                     text49       1FDB
__ptext5                      text5        13F7
__ptext50                     text50       11F2
__ptext51                     text51       11CF
__ptext52                     text52       10FD
__ptext53                     text53       103C
__ptext54                     text54       114F
__ptext55                     text55       135F
__ptext6                      text6        0599
__ptext7                      text7        0A9E
__ptext8                      text8        0A3B
__ptext9                      text9        179D
__size_of_B1                  (abs)        0000
__size_of_B2                  (abs)        0000
__size_of_B3                  (abs)        0000
__size_of___awdiv             (abs)        0000
__size_of___awmod             (abs)        0000
__size_of___lldiv             (abs)        0000
__size_of_asciiToHex          (abs)        0000
__size_of_bordaSubidaB1       (abs)        0000
__size_of_bordaSubidaB2       (abs)        0000
__size_of_bordaSubidaB3       (abs)        0000
__size_of_cmdLCD              (abs)        0000
__size_of_easterEgg           (abs)        0000
__size_of_errorRxEUSART       (abs)        0000
__size_of_geral               (abs)        0000
__size_of_getFIFO             (abs)        0000
__size_of_gotoxy              (abs)        0000
__size_of_hexToAscii          (abs)        0000
__size_of_initBT              (abs)        0000
__size_of_initEUSART          (abs)        0000
__size_of_initLCD             (abs)        0000
__size_of_initSerial          (abs)        0000
__size_of_initTimer0          (abs)        0000
__size_of_interrupt_EUSART_RX (abs)        0000
__size_of_intt0_1ms           (abs)        0000
__size_of_logo                (abs)        0000
__size_of_main                (abs)        0000
__size_of_master1             (abs)        0000
__size_of_putFIFO             (abs)        0000
__size_of_putLCD              (abs)        0000
__size_of_resetErrorRxEUSART  (abs)        0000
__size_of_serialIn            (abs)        0000
__size_of_serialOut           (abs)        0000
__size_of_setT0limite         (abs)        0000
__size_of_slave1              (abs)        0000
__size_of_statusFIFO          (abs)        0000
__size_of_statusT0            (abs)        0000
__size_of_statusT0limite      (abs)        0000
__size_of_textCMdat           (abs)        0000
__size_of_textCMpar           (abs)        0000
__size_of_textConfig          (abs)        0000
__size_of_textLoading         (abs)        0000
__size_of_textSelection1      (abs)        0000
__size_of_textSelection2      (abs)        0000
__size_of_textSelection3      (abs)        0000
__size_of_textSelection4      (abs)        0000
__size_of_textSelection5      (abs)        0000
__size_of_textSelection6      (abs)        0000
__size_of_textSelection7      (abs)        0000
__size_of_textSelection8      (abs)        0000
__size_of_textSelectionCLP    (abs)        0000
__size_of_textSelectionEST    (abs)        0000
__size_of_transmite           (abs)        0000
__size_of_writeEUSART         (abs)        0000
__size_of_writeLCD            (abs)        0000
__size_of_writeString         (abs)        0000
__size_ofi1___awmod           (abs)        0000
__stringbase                  strings      1012
__stringtab                   strings      1000
_asciiToHex                   text50       11F2
_bordaSubidaB1                text48       10AF
_bordaSubidaB2                text46       10C9
_bordaSubidaB3                text44       10E3
_cmdLCD                       text43       14A1
_comp                         bssBANK0     0051
_easterEgg                    text39       0E03
_errorRxEUSART                text38       1030
_estadoAnteriorB1             bssBANK0     004F
_estadoAnteriorB2             bssBANK0     004E
_estadoAnteriorB3             bssBANK0     004D
_fifo                         bssBANK1     00A0
_fifoHead                     bssCOMMON    007C
_fifoTail                     bssBANK0     004C
_geral                        text51       11CF
_getFIFO                      text36       1217
_gotoxy                       text42       1065
_hexToAscii                   text3        1294
_initBT                       text35       1025
_initEUSART                   text27       14FB
_initLCD                      text34       12F1
_initSerial                   text32       104F
_initTimer0                   text30       1118
_interrupt_EUSART_RX          text53       103C
_intt0_1ms                    text52       10FD
_logo                         text29       0BA2
_main                         maintext     0027
_master1                      text24       0B01
_putFIFO                      text54       114F
_putLCD                       text41       12C1
_resetErrorRxEUSART           text23       1269
_rhex                         bssBANK0     0054
_serial                       bssBANK0     0050
_serialIn                     text2        1096
_serialOut                    text33       107D
_setT0limite                  text31       1FF2
_slave1                       text22       0C4C
_statusFIFO                   text21       1133
_statusT0                     text15       1FF9
_statusT0limite               text14       1016
_t0cont                       bssBANK0     0048
_t0final                      bssBANK0     004A
_tdez                         bssBANK0     0052
_textCMdat                    text20       116F
_textCMpar                    text19       118F
_textConfig                   text18       11AF
_textLoading                  text17       0D06
_textSelection1               text13       1611
_textSelection2               text12       1674
_textSelection3               text11       16D7
_textSelection4               text10       173A
_textSelection5               text9        179D
_textSelection6               text8        0A3B
_textSelection7               text7        0A9E
_textSelection8               text6        0599
_textSelectionCLP             text5        13F7
_textSelectionEST             text4        144C
_transmite                    text1        1325
_tuni                         bssBANK0     0053
_writeEUSART                  text26       1FE5
_writeLCD                     text40       0A09
_writeString                  text25       1240
asciiToHex@a1                 cstackBANK0  0025
asciiToHex@a2                 cstackBANK0  0023
asciiToHex@dez                cstackBANK0  0027
asciiToHex@uni                cstackBANK0  0026
bordaSubidaB1@estadoAtualB1   cstackBANK0  0025
bordaSubidaB1@resp            cstackBANK0  0024
bordaSubidaB2@estadoAtualB2   cstackBANK0  0026
bordaSubidaB2@resp1           cstackBANK0  0025
bordaSubidaB3@estadoAtualB3   cstackBANK0  0025
bordaSubidaB3@resp2           cstackBANK0  0024
btemp                         (abs)        007E
clear_ram0                    clrtext      101D
cmdLCD@cmd                    cstackBANK0  0025
cmdLCD@nibble                 cstackBANK0  0026
end_of_initialization         cinit        0023
getFIFO@aux                   cstackBANK0  002E
gotoxy@x                      cstackBANK0  002A
gotoxy@y                      cstackBANK0  0027
hexToAscii@dado               cstackBANK0  0024
hexToAscii@dez                cstackBANK0  0026
hexToAscii@uni                cstackBANK0  0025
i1___awmod                    text55       135F
i1___awmod@counter            cstackCOMMON 0075
i1___awmod@dividend           cstackCOMMON 0072
i1___awmod@divisor            cstackCOMMON 0070
i1___awmod@sign               cstackCOMMON 0076
initEUSART@baudRate           cstackBANK0  0031
interrupt_function            intentry     0004
intlevel0                     functab      0000
intlevel1                     functab      0000
intlevel2                     functab      0000
intlevel3                     functab      0000
intlevel4                     functab      0000
intlevel5                     functab      0000
main@a                        cstackBANK0  0045
main@a1                       cstackBANK0  0041
main@a2                       cstackBANK0  0042
main@aux                      cstackBANK0  0046
main@i                        cstackBANK0  0044
main@t                        cstackBANK0  0043
putFIFO@c                     cstackCOMMON 007B
putLCD@c                      cstackBANK0  0024
putLCD@nibble                 cstackBANK0  0025
reset_vec                     reset_vec    0000
saved_w                       (abs)        007E
serialIn@dado                 cstackBANK0  0024
serialIn@i                    cstackBANK0  0025
serialOut@d                   cstackBANK0  0024
serialOut@i                   cstackBANK0  0025
setT0limite@c                 cstackBANK0  0023
stackhi                       (abs)        0000
stacklo                       (abs)        0000
start                         init         0010
start_initialization          cinit        0013
writeEUSART@d                 cstackBANK0  0023
writeLCD@ptr                  cstackBANK0  002C
writeLCD@x                    cstackBANK0  002F
writeLCD@y                    cstackBANK0  002B
writeString@str               cstackBANK0  0024
wtemp0                        (abs)        007E


FUNCTION INFORMATION:

 *************** function _main *****************
 Defined at:
		line 30 in file "main.c"
 Parameters:    Size  Location     Type
		None
 Auto vars:     Size  Location     Type
  a2              1   34[BANK0 ] unsigned char 
  a1              1   33[BANK0 ] unsigned char 
  t               1   35[BANK0 ] unsigned char 
  aux             2   38[BANK0 ] unsigned int 
  a               1   37[BANK0 ] unsigned char 
  i               1   36[BANK0 ] unsigned char 
 Return value:  Size  Location     Type
                  1    wreg      void 
 Registers used:
		wreg, fsr0l, fsr0h, status,2, status,0, btemp+1, pclath, cstack
 Tracked objects:
		On entry : 
		On exit  : 
		Unchanged: 
 Data sizes:     COMMON   BANK0   BANK1   BANK3   BANK2
      Params:         0       0       0       0       0
      Locals:         0       7       0       0       0
      Temps:          0       3       0       0       0
      Totals:         0      10       0       0       0
Total ram usage:       10 bytes
 Hardware stack levels required when called:    8
 This function calls:
		_B1
		_B2
		_B3
		_asciiToHex
		_bordaSubidaB1
		_bordaSubidaB2
		_bordaSubidaB3
		_cmdLCD
		_easterEgg
		_errorRxEUSART
		_getFIFO
		_initBT
		_initEUSART
		_initLCD
		_initSerial
		_initTimer0
		_logo
		_master1
		_resetErrorRxEUSART
		_serialOut
		_slave1
		_statusFIFO
		_textCMdat
		_textCMpar
		_textConfig
		_textLoading
		_textSelection1
		_textSelection2
		_textSelection3
		_textSelection4
		_textSelection5
		_textSelection6
		_textSelection7
		_textSelection8
		_textSelectionCLP
		_textSelectionEST
		_transmite
		_writeLCD
 This function is called by:
		Startup code after reset
 This function uses a non-reentrant model


 *************** function _transmite *****************
 Defined at:
		line 83 in file "Serial.c"
 Parameters:    Size  Location     Type
		None
 Auto vars:     Size  Location     Type
		None
 Return value:  Size  Location     Type
                  1    wreg      void 
 Registers used:
		wreg, status,2, status,0, pclath, cstack
 Tracked objects:
		On entry : 
		On exit  : 
		Unchanged: 
 Data sizes:     COMMON   BANK0   BANK1   BANK3   BANK2
      Params:         0       0       0       0       0
      Locals:         0       0       0       0       0
      Temps:          0       2       0       0       0
      Totals:         0       2       0       0       0
Total ram usage:        2 bytes
 Hardware stack levels used:    1
 Hardware stack levels required when called:    5
 This function calls:
		_hexToAscii
		_serialIn
		_writeEUSART
 This function is called by:
		_main
 This function uses a non-reentrant model


 *************** function _serialIn *****************
 Defined at:
		line 40 in file "Serial.c"
 Parameters:    Size  Location     Type
		None
 Auto vars:     Size  Location     Type
  i               1    5[BANK0 ] unsigned char 
  dado            1    4[BANK0 ] unsigned char 
 Return value:  Size  Location     Type
                  1    wreg      unsigned char 
 Registers used:
		wreg, status,2, status,0
 Tracked objects:
		On entry : 
		On exit  : 
		Unchanged: 
 Data sizes:     COMMON   BANK0   BANK1   BANK3   BANK2
      Params:         0       0       0       0       0
      Locals:         0       2       0       0       0
      Temps:          0       1       0       0       0
      Totals:         0       3       0       0       0
Total ram usage:        3 bytes
 Hardware stack levels used:    1
 Hardware stack levels required when called:    4
 This function calls:
		Nothing
 This function is called by:
		_transmite
 This function uses a non-reentrant model


 *************** function _hexToAscii *****************
 Defined at:
		line 57 in file "Serial.c"
 Parameters:    Size  Location     Type
  dado            1    wreg     unsigned char 
 Auto vars:     Size  Location     Type
  dado            1    4[BANK0 ] unsigned char 
  dez             1    6[BANK0 ] unsigned char 
  uni             1    5[BANK0 ] unsigned char 
 Return value:  Size  Location     Type
                  1    wreg      void 
 Registers used:
		wreg, status,2, status,0
 Tracked objects:
		On entry : 
		On exit  : 
		Unchanged: 
 Data sizes:     COMMON   BANK0   BANK1   BANK3   BANK2
      Params:         0       0       0       0       0
      Locals:         0       3       0       0       0
      Temps:          0       1       0       0       0
      Totals:         0       4       0       0       0
Total ram usage:        4 bytes
 Hardware stack levels used:    1
 Hardware stack levels required when called:    4
 This function calls:
		Nothing
 This function is called by:
		_transmite
 This function uses a non-reentrant model


 *************** function _textSelectionEST *****************
 Defined at:
		line 120 in file "auxiliar.c"
 Parameters:    Size  Location     Type
		None
 Auto vars:     Size  Location     Type
		None
 Return value:  Size  Location     Type
                  1    wreg      void 
 Registers used:
		wreg, fsr0l, fsr0h, status,2, status,0, btemp+1, pclath, cstack
 Tracked objects:
		On entry : 
		On exit  : 
		Unchanged: 
 Data sizes:     COMMON   BANK0   BANK1   BANK3   BANK2
      Params:         0       0       0       0       0
      Locals:         0       0       0       0       0
      Temps:          0       3       0       0       0
      Totals:         0       3       0       0       0
Total ram usage:        3 bytes
 Hardware stack levels used:    1
 Hardware stack levels required when called:    7
 This function calls:
		___awdiv
		_statusT0
		_statusT0limite
		_writeLCD
 This function is called by:
		_main
 This function uses a non-reentrant model


 *************** function _textSelectionCLP *****************
 Defined at:
		line 128 in file "auxiliar.c"
 Parameters:    Size  Location     Type
		None
 Auto vars:     Size  Location     Type
		None
 Return value:  Size  Location     Type
                  1    wreg      void 
 Registers used:
		wreg, fsr0l, fsr0h, status,2, status,0, btemp+1, pclath, cstack
 Tracked objects:
		On entry : 
		On exit  : 
		Unchanged: 
 Data sizes:     COMMON   BANK0   BANK1   BANK3   BANK2
      Params:         0       0       0       0       0
      Locals:         0       0       0       0       0
      Temps:          0       3       0       0       0
      Totals:         0       3       0       0       0
Total ram usage:        3 bytes
 Hardware stack levels used:    1
 Hardware stack levels required when called:    7
 This function calls:
		___awdiv
		_statusT0
		_statusT0limite
		_writeLCD
 This function is called by:
		_main
 This function uses a non-reentrant model


 *************** function _textSelection8 *****************
 Defined at:
		line 110 in file "auxiliar.c"
 Parameters:    Size  Location     Type
		None
 Auto vars:     Size  Location     Type
		None
 Return value:  Size  Location     Type
                  1    wreg      void 
 Registers used:
		wreg, fsr0l, fsr0h, status,2, status,0, btemp+1, pclath, cstack
 Tracked objects:
		On entry : 
		On exit  : 
		Unchanged: 
 Data sizes:     COMMON   BANK0   BANK1   BANK3   BANK2
      Params:         0       0       0       0       0
      Locals:         0       0       0       0       0
      Temps:          0       3       0       0       0
      Totals:         0       3       0       0       0
Total ram usage:        3 bytes
 Hardware stack levels used:    1
 Hardware stack levels required when called:    7
 This function calls:
		___awdiv
		_statusT0
		_statusT0limite
		_writeLCD
 This function is called by:
		_main
 This function uses a non-reentrant model


 *************** function _textSelection7 *****************
 Defined at:
		line 100 in file "auxiliar.c"
 Parameters:    Size  Location     Type
		None
 Auto vars:     Size  Location     Type
		None
 Return value:  Size  Location     Type
                  1    wreg      void 
 Registers used:
		wreg, fsr0l, fsr0h, status,2, status,0, btemp+1, pclath, cstack
 Tracked objects:
		On entry : 
		On exit  : 
		Unchanged: 
 Data sizes:     COMMON   BANK0   BANK1   BANK3   BANK2
      Params:         0       0       0       0       0
      Locals:         0       0       0       0       0
      Temps:          0       3       0       0       0
      Totals:         0       3       0       0       0
Total ram usage:        3 bytes
 Hardware stack levels used:    1
 Hardware stack levels required when called:    7
 This function calls:
		___awdiv
		_statusT0
		_statusT0limite
		_writeLCD
 This function is called by:
		_main
 This function uses a non-reentrant model


 *************** function _textSelection6 *****************
 Defined at:
		line 90 in file "auxiliar.c"
 Parameters:    Size  Location     Type
		None
 Auto vars:     Size  Location     Type
		None
 Return value:  Size  Location     Type
                  1    wreg      void 
 Registers used:
		wreg, fsr0l, fsr0h, status,2, status,0, btemp+1, pclath, cstack
 Tracked objects:
		On entry : 
		On exit  : 
		Unchanged: 
 Data sizes:     COMMON   BANK0   BANK1   BANK3   BANK2
      Params:         0       0       0       0       0
      Locals:         0       0       0       0       0
      Temps:          0       3       0       0       0
      Totals:         0       3       0       0       0
Total ram usage:        3 bytes
 Hardware stack levels used:    1
 Hardware stack levels required when called:    7
 This function calls:
		___awdiv
		_statusT0
		_statusT0limite
		_writeLCD
 This function is called by:
		_main
 This function uses a non-reentrant model


 *************** function _textSelection5 *****************
 Defined at:
		line 80 in file "auxiliar.c"
 Parameters:    Size  Location     Type
		None
 Auto vars:     Size  Location     Type
		None
 Return value:  Size  Location     Type
                  1    wreg      void 
 Registers used:
		wreg, fsr0l, fsr0h, status,2, status,0, btemp+1, pclath, cstack
 Tracked objects:
		On entry : 
		On exit  : 
		Unchanged: 
 Data sizes:     COMMON   BANK0   BANK1   BANK3   BANK2
      Params:         0       0       0       0       0
      Locals:         0       0       0       0       0
      Temps:          0       3       0       0       0
      Totals:         0       3       0       0       0
Total ram usage:        3 bytes
 Hardware stack levels used:    1
 Hardware stack levels required when called:    7
 This function calls:
		___awdiv
		_statusT0
		_statusT0limite
		_writeLCD
 This function is called by:
		_main
 This function uses a non-reentrant model


 *************** function _textSelection4 *****************
 Defined at:
		line 70 in file "auxiliar.c"
 Parameters:    Size  Location     Type
		None
 Auto vars:     Size  Location     Type
		None
 Return value:  Size  Location     Type
                  1    wreg      void 
 Registers used:
		wreg, fsr0l, fsr0h, status,2, status,0, btemp+1, pclath, cstack
 Tracked objects:
		On entry : 
		On exit  : 
		Unchanged: 
 Data sizes:     COMMON   BANK0   BANK1   BANK3   BANK2
      Params:         0       0       0       0       0
      Locals:         0       0       0       0       0
      Temps:          0       3       0       0       0
      Totals:         0       3       0       0       0
Total ram usage:        3 bytes
 Hardware stack levels used:    1
 Hardware stack levels required when called:    7
 This function calls:
		___awdiv
		_statusT0
		_statusT0limite
		_writeLCD
 This function is called by:
		_main
 This function uses a non-reentrant model


 *************** function _textSelection3 *****************
 Defined at:
		line 60 in file "auxiliar.c"
 Parameters:    Size  Location     Type
		None
 Auto vars:     Size  Location     Type
		None
 Return value:  Size  Location     Type
                  1    wreg      void 
 Registers used:
		wreg, fsr0l, fsr0h, status,2, status,0, btemp+1, pclath, cstack
 Tracked objects:
		On entry : 
		On exit  : 
		Unchanged: 
 Data sizes:     COMMON   BANK0   BANK1   BANK3   BANK2
      Params:         0       0       0       0       0
      Locals:         0       0       0       0       0
      Temps:          0       3       0       0       0
      Totals:         0       3       0       0       0
Total ram usage:        3 bytes
 Hardware stack levels used:    1
 Hardware stack levels required when called:    7
 This function calls:
		___awdiv
		_statusT0
		_statusT0limite
		_writeLCD
 This function is called by:
		_main
 This function uses a non-reentrant model


 *************** function _textSelection2 *****************
 Defined at:
		line 50 in file "auxiliar.c"
 Parameters:    Size  Location     Type
		None
 Auto vars:     Size  Location     Type
		None
 Return value:  Size  Location     Type
                  1    wreg      void 
 Registers used:
		wreg, fsr0l, fsr0h, status,2, status,0, btemp+1, pclath, cstack
 Tracked objects:
		On entry : 
		On exit  : 
		Unchanged: 
 Data sizes:     COMMON   BANK0   BANK1   BANK3   BANK2
      Params:         0       0       0       0       0
      Locals:         0       0       0       0       0
      Temps:          0       3       0       0       0
      Totals:         0       3       0       0       0
Total ram usage:        3 bytes
 Hardware stack levels used:    1
 Hardware stack levels required when called:    7
 This function calls:
		___awdiv
		_statusT0
		_statusT0limite
		_writeLCD
 This function is called by:
		_main
 This function uses a non-reentrant model


 *************** function _textSelection1 *****************
 Defined at:
		line 39 in file "auxiliar.c"
 Parameters:    Size  Location     Type
		None
 Auto vars:     Size  Location     Type
		None
 Return value:  Size  Location     Type
                  1    wreg      void 
 Registers used:
		wreg, fsr0l, fsr0h, status,2, status,0, btemp+1, pclath, cstack
 Tracked objects:
		On entry : 
		On exit  : 
		Unchanged: 
 Data sizes:     COMMON   BANK0   BANK1   BANK3   BANK2
      Params:         0       0       0       0       0
      Locals:         0       0       0       0       0
      Temps:          0       3       0       0       0
      Totals:         0       3       0       0       0
Total ram usage:        3 bytes
 Hardware stack levels used:    1
 Hardware stack levels required when called:    7
 This function calls:
		___awdiv
		_statusT0
		_statusT0limite
		_writeLCD
 This function is called by:
		_main
 This function uses a non-reentrant model


 *************** function _statusT0limite *****************
 Defined at:
		line 33 in file "timer0.c"
 Parameters:    Size  Location     Type
		None
 Auto vars:     Size  Location     Type
		None
 Return value:  Size  Location     Type
                  2    3[BANK0 ] int 
 Registers used:
		wreg
 Tracked objects:
		On entry : 
		On exit  : 
		Unchanged: 
 Data sizes:     COMMON   BANK0   BANK1   BANK3   BANK2
      Params:         0       2       0       0       0
      Locals:         0       0       0       0       0
      Temps:          0       0       0       0       0
      Totals:         0       2       0       0       0
Total ram usage:        2 bytes
 Hardware stack levels used:    1
 Hardware stack levels required when called:    4
 This function calls:
		Nothing
 This function is called by:
		_textSelection1
		_textSelection2
		_textSelection3
		_textSelection4
		_textSelection5
		_textSelection6
		_textSelection7
		_textSelection8
		_textSelectionEST
		_textSelectionCLP
		_textSelectionPAR
		_textSelectionDES
 This function uses a non-reentrant model


 *************** function _statusT0 *****************
 Defined at:
		line 24 in file "timer0.c"
 Parameters:    Size  Location     Type
		None
 Auto vars:     Size  Location     Type
		None
 Return value:  Size  Location     Type
                  2    3[BANK0 ] int 
 Registers used:
		wreg
 Tracked objects:
		On entry : 
		On exit  : 
		Unchanged: 
 Data sizes:     COMMON   BANK0   BANK1   BANK3   BANK2
      Params:         0       2       0       0       0
      Locals:         0       0       0       0       0
      Temps:          0       0       0       0       0
      Totals:         0       2       0       0       0
Total ram usage:        2 bytes
 Hardware stack levels used:    1
 Hardware stack levels required when called:    4
 This function calls:
		Nothing
 This function is called by:
		_textSelection1
		_textSelection2
		_textSelection3
		_textSelection4
		_textSelection5
		_textSelection6
		_textSelection7
		_textSelection8
		_textSelectionEST
		_textSelectionCLP
		_textSelectionPAR
		_textSelectionDES
 This function uses a non-reentrant model


 *************** function ___awdiv *****************
 Defined at:
		line 5 in file "C:\Program Files (x86)\Microchip\xc8\v2.00\pic\sources\c90\common\awdiv.c"
 Parameters:    Size  Location     Type
  divisor         2    5[BANK0 ] int 
  dividend        2    7[BANK0 ] int 
 Auto vars:     Size  Location     Type
  quotient        2   12[BANK0 ] int 
  sign            1   11[BANK0 ] unsigned char 
  counter         1   10[BANK0 ] unsigned char 
 Return value:  Size  Location     Type
                  2    5[BANK0 ] int 
 Registers used:
		wreg, status,2, status,0
 Tracked objects:
		On entry : 
		On exit  : 
		Unchanged: 
 Data sizes:     COMMON   BANK0   BANK1   BANK3   BANK2
      Params:         0       4       0       0       0
      Locals:         0       4       0       0       0
      Temps:          0       1       0       0       0
      Totals:         0       9       0       0       0
Total ram usage:        9 bytes
 Hardware stack levels used:    1
 Hardware stack levels required when called:    4
 This function calls:
		Nothing
 This function is called by:
		_textSelection1
		_textSelection2
		_textSelection3
		_textSelection4
		_textSelection5
		_textSelection6
		_textSelection7
		_textSelection8
		_textSelectionEST
		_textSelectionCLP
		_textSelectionPAR
		_textSelectionDES
 This function uses a non-reentrant model


 *************** function _textLoading *****************
 Defined at:
		line 156 in file "auxiliar.c"
 Parameters:    Size  Location     Type
		None
 Auto vars:     Size  Location     Type
		None
 Return value:  Size  Location     Type
                  1    wreg      void 
 Registers used:
		wreg, fsr0l, fsr0h, status,2, status,0, btemp+1, pclath, cstack
 Tracked objects:
		On entry : 
		On exit  : 
		Unchanged: 
 Data sizes:     COMMON   BANK0   BANK1   BANK3   BANK2
      Params:         0       0       0       0       0
      Locals:         0       0       0       0       0
      Temps:          0       3       0       0       0
      Totals:         0       3       0       0       0
Total ram usage:        3 bytes
 Hardware stack levels used:    1
 Hardware stack levels required when called:    7
 This function calls:
		_writeLCD
 This function is called by:
		_main
 This function uses a non-reentrant model


 *************** function _textConfig *****************
 Defined at:
		line 18 in file "auxiliar.c"
 Parameters:    Size  Location     Type
		None
 Auto vars:     Size  Location     Type
		None
 Return value:  Size  Location     Type
                  1    wreg      void 
 Registers used:
		wreg, fsr0l, fsr0h, status,2, status,0, btemp+1, pclath, cstack
 Tracked objects:
		On entry : 
		On exit  : 
		Unchanged: 
 Data sizes:     COMMON   BANK0   BANK1   BANK3   BANK2
      Params:         0       0       0       0       0
      Locals:         0       0       0       0       0
      Temps:          0       0       0       0       0
      Totals:         0       0       0       0       0
Total ram usage:        0 bytes
 Hardware stack levels used:    1
 Hardware stack levels required when called:    7
 This function calls:
		_cmdLCD
		_writeLCD
 This function is called by:
		_main
 This function uses a non-reentrant model


 *************** function _textCMpar *****************
 Defined at:
		line 25 in file "auxiliar.c"
 Parameters:    Size  Location     Type
		None
 Auto vars:     Size  Location     Type
		None
 Return value:  Size  Location     Type
                  1    wreg      void 
 Registers used:
		wreg, fsr0l, fsr0h, status,2, status,0, btemp+1, pclath, cstack
 Tracked objects:
		On entry : 
		On exit  : 
		Unchanged: 
 Data sizes:     COMMON   BANK0   BANK1   BANK3   BANK2
      Params:         0       0       0       0       0
      Locals:         0       0       0       0       0
      Temps:          0       0       0       0       0
      Totals:         0       0       0       0       0
Total ram usage:        0 bytes
 Hardware stack levels used:    1
 Hardware stack levels required when called:    7
 This function calls:
		_cmdLCD
		_writeLCD
 This function is called by:
		_main
 This function uses a non-reentrant model


 *************** function _textCMdat *****************
 Defined at:
		line 32 in file "auxiliar.c"
 Parameters:    Size  Location     Type
		None
 Auto vars:     Size  Location     Type
		None
 Return value:  Size  Location     Type
                  1    wreg      void 
 Registers used:
		wreg, fsr0l, fsr0h, status,2, status,0, btemp+1, pclath, cstack
 Tracked objects:
		On entry : 
		On exit  : 
		Unchanged: 
 Data sizes:     COMMON   BANK0   BANK1   BANK3   BANK2
      Params:         0       0       0       0       0
      Locals:         0       0       0       0       0
      Temps:          0       0       0       0       0
      Totals:         0       0       0       0       0
Total ram usage:        0 bytes
 Hardware stack levels used:    1
 Hardware stack levels required when called:    7
 This function calls:
		_cmdLCD
		_writeLCD
 This function is called by:
		_main
 This function uses a non-reentrant model


 *************** function _statusFIFO *****************
 Defined at:
		line 35 in file "fifo.c"
 Parameters:    Size  Location     Type
		None
 Auto vars:     Size  Location     Type
		None
 Return value:  Size  Location     Type
                  1    wreg      unsigned char 
 Registers used:
		wreg, status,2, status,0, pclath, cstack
 Tracked objects:
		On entry : 
		On exit  : 
		Unchanged: 
 Data sizes:     COMMON   BANK0   BANK1   BANK3   BANK2
      Params:         0       0       0       0       0
      Locals:         0       0       0       0       0
      Temps:          0       2       0       0       0
      Totals:         0       2       0       0       0
Total ram usage:        2 bytes
 Hardware stack levels used:    1
 Hardware stack levels required when called:    5
 This function calls:
		___awmod
 This function is called by:
		_main
		_statusRxEUSART
 This function uses a non-reentrant model


 *************** function _slave1 *****************
 Defined at:
		line 22 in file "bluetooth.c"
 Parameters:    Size  Location     Type
		None
 Auto vars:     Size  Location     Type
		None
 Return value:  Size  Location     Type
                  1    wreg      void 
 Registers used:
		wreg, fsr0l, fsr0h, status,2, status,0, btemp+1, pclath, cstack
 Tracked objects:
		On entry : 
		On exit  : 
		Unchanged: 
 Data sizes:     COMMON   BANK0   BANK1   BANK3   BANK2
      Params:         0       0       0       0       0
      Locals:         0       0       0       0       0
      Temps:          0       3       0       0       0
      Totals:         0       3       0       0       0
Total ram usage:        3 bytes
 Hardware stack levels used:    1
 Hardware stack levels required when called:    6
 This function calls:
		_initEUSART
		_writeString
 This function is called by:
		_main
 This function uses a non-reentrant model


 *************** function _resetErrorRxEUSART *****************
 Defined at:
		line 88 in file "eusart.c"
 Parameters:    Size  Location     Type
		None
 Auto vars:     Size  Location     Type
  aux             1    0        unsigned char 
 Return value:  Size  Location     Type
                  1    wreg      void 
 Registers used:
		wreg
 Tracked objects:
		On entry : 
		On exit  : 
		Unchanged: 
 Data sizes:     COMMON   BANK0   BANK1   BANK3   BANK2
      Params:         0       0       0       0       0
      Locals:         0       0       0       0       0
      Temps:          0       3       0       0       0
      Totals:         0       3       0       0       0
Total ram usage:        3 bytes
 Hardware stack levels used:    1
 Hardware stack levels required when called:    4
 This function calls:
		Nothing
 This function is called by:
		_main
 This function uses a non-reentrant model


 *************** function _master1 *****************
 Defined at:
		line 5 in file "bluetooth.c"
 Parameters:    Size  Location     Type
		None
 Auto vars:     Size  Location     Type
		None
 Return value:  Size  Location     Type
                  1    wreg      void 
 Registers used:
		wreg, fsr0l, fsr0h, status,2, status,0, btemp+1, pclath, cstack
 Tracked objects:
		On entry : 
		On exit  : 
		Unchanged: 
 Data sizes:     COMMON   BANK0   BANK1   BANK3   BANK2
      Params:         0       0       0       0       0
      Locals:         0       0       0       0       0
      Temps:          0       3       0       0       0
      Totals:         0       3       0       0       0
Total ram usage:        3 bytes
 Hardware stack levels used:    1
 Hardware stack levels required when called:    6
 This function calls:
		_initEUSART
		_writeString
 This function is called by:
		_main
 This function uses a non-reentrant model


 *************** function _writeString *****************
 Defined at:
		line 136 in file "eusart.c"
 Parameters:    Size  Location     Type
  str             2    4[BANK0 ] PTR const unsigned char 
		 -> STR_108(25), STR_107(25), STR_106(28), STR_105(25), 
		 -> STR_104(25), STR_103(28), STR_102(25), STR_101(25), 
		 -> STR_100(28), STR_99(17), STR_98(20), STR_97(10), 
		 -> STR_96(16), STR_95(13), STR_94(12), STR_93(11), 
		 -> STR_92(19), STR_91(17), STR_90(9), STR_89(10), 
		 -> STR_88(16), STR_87(13), STR_86(12), STR_85(19), 
 Auto vars:     Size  Location     Type
		None
 Return value:  Size  Location     Type
                  1    wreg      void 
 Registers used:
		wreg, fsr0l, fsr0h, status,2, status,0, btemp+1, pclath, cstack
 Tracked objects:
		On entry : 
		On exit  : 
		Unchanged: 
 Data sizes:     COMMON   BANK0   BANK1   BANK3   BANK2
      Params:         0       2       0       0       0
      Locals:         0       0       0       0       0
      Temps:          0       0       0       0       0
      Totals:         0       2       0       0       0
Total ram usage:        2 bytes
 Hardware stack levels used:    1
 Hardware stack levels required when called:    5
 This function calls:
		_writeEUSART
 This function is called by:
		_master1
		_slave1
		_modulo1
		_modulo2
		_modulo3
 This function uses a non-reentrant model


 *************** function _writeEUSART *****************
 Defined at:
		line 113 in file "eusart.c"
 Parameters:    Size  Location     Type
  d               1    wreg     unsigned char 
 Auto vars:     Size  Location     Type
  d               1    3[BANK0 ] unsigned char 
 Return value:  Size  Location     Type
                  1    wreg      void 
 Registers used:
		wreg
 Tracked objects:
		On entry : 
		On exit  : 
		Unchanged: 
 Data sizes:     COMMON   BANK0   BANK1   BANK3   BANK2
      Params:         0       0       0       0       0
      Locals:         0       1       0       0       0
      Temps:          0       0       0       0       0
      Totals:         0       1       0       0       0
Total ram usage:        1 bytes
 Hardware stack levels used:    1
 Hardware stack levels required when called:    4
 This function calls:
		Nothing
 This function is called by:
		_transmite
		_writeString
 This function uses a non-reentrant model


 *************** function _initEUSART *****************
 Defined at:
		line 155 in file "eusart.c"
 Parameters:    Size  Location     Type
  baudRate        4   17[BANK0 ] unsigned long 
 Auto vars:     Size  Location     Type
		None
 Return value:  Size  Location     Type
                  1    wreg      void 
 Registers used:
		wreg, status,2, status,0, pclath, cstack
 Tracked objects:
		On entry : 
		On exit  : 
		Unchanged: 
 Data sizes:     COMMON   BANK0   BANK1   BANK3   BANK2
      Params:         0       4       0       0       0
      Locals:         0       0       0       0       0
      Temps:          0       6       0       0       0
      Totals:         0      10       0       0       0
Total ram usage:       10 bytes
 Hardware stack levels used:    1
 Hardware stack levels required when called:    5
 This function calls:
		___lldiv
 This function is called by:
		_master1
		_slave1
		_main
		_modulo1
		_modulo2
		_modulo3
 This function uses a non-reentrant model


 *************** function ___lldiv *****************
 Defined at:
		line 5 in file "C:\Program Files (x86)\Microchip\xc8\v2.00\pic\sources\c90\common\__lldiv.c"
 Parameters:    Size  Location     Type
  divisor         4    3[BANK0 ] unsigned long 
  dividend        4    7[BANK0 ] unsigned long 
 Auto vars:     Size  Location     Type
  quotient        4   12[BANK0 ] unsigned long 
  counter         1   16[BANK0 ] unsigned char 
 Return value:  Size  Location     Type
                  4    3[BANK0 ] unsigned long 
 Registers used:
		wreg, status,2, status,0
 Tracked objects:
		On entry : 
		On exit  : 
		Unchanged: 
 Data sizes:     COMMON   BANK0   BANK1   BANK3   BANK2
      Params:         0       8       0       0       0
      Locals:         0       5       0       0       0
      Temps:          0       1       0       0       0
      Totals:         0      14       0       0       0
Total ram usage:       14 bytes
 Hardware stack levels used:    1
 Hardware stack levels required when called:    4
 This function calls:
		Nothing
 This function is called by:
		_initEUSART
 This function uses a non-reentrant model


 *************** function _logo *****************
 Defined at:
		line 8 in file "auxiliar.c"
 Parameters:    Size  Location     Type
		None
 Auto vars:     Size  Location     Type
		None
 Return value:  Size  Location     Type
                  1    wreg      void 
 Registers used:
		wreg, fsr0l, fsr0h, status,2, status,0, btemp+1, pclath, cstack
 Tracked objects:
		On entry : 
		On exit  : 
		Unchanged: 
 Data sizes:     COMMON   BANK0   BANK1   BANK3   BANK2
      Params:         0       0       0       0       0
      Locals:         0       0       0       0       0
      Temps:          0       3       0       0       0
      Totals:         0       3       0       0       0
Total ram usage:        3 bytes
 Hardware stack levels used:    1
 Hardware stack levels required when called:    7
 This function calls:
		_cmdLCD
		_writeLCD
 This function is called by:
		_main
 This function uses a non-reentrant model


 *************** function _initTimer0 *****************
 Defined at:
		line 38 in file "timer0.c"
 Parameters:    Size  Location     Type
		None
 Auto vars:     Size  Location     Type
		None
 Return value:  Size  Location     Type
                  1    wreg      void 
 Registers used:
		wreg, status,2, status,0, pclath, cstack
 Tracked objects:
		On entry : 
		On exit  : 
		Unchanged: 
 Data sizes:     COMMON   BANK0   BANK1   BANK3   BANK2
      Params:         0       0       0       0       0
      Locals:         0       0       0       0       0
      Temps:          0       0       0       0       0
      Totals:         0       0       0       0       0
Total ram usage:        0 bytes
 Hardware stack levels used:    1
 Hardware stack levels required when called:    5
 This function calls:
		_setT0limite
 This function is called by:
		_main
 This function uses a non-reentrant model


 *************** function _setT0limite *****************
 Defined at:
		line 29 in file "timer0.c"
 Parameters:    Size  Location     Type
  c               2    3[BANK0 ] int 
 Auto vars:     Size  Location     Type
		None
 Return value:  Size  Location     Type
                  1    wreg      void 
 Registers used:
		wreg
 Tracked objects:
		On entry : 
		On exit  : 
		Unchanged: 
 Data sizes:     COMMON   BANK0   BANK1   BANK3   BANK2
      Params:         0       2       0       0       0
      Locals:         0       0       0       0       0
      Temps:          0       0       0       0       0
      Totals:         0       2       0       0       0
Total ram usage:        2 bytes
 Hardware stack levels used:    1
 Hardware stack levels required when called:    4
 This function calls:
		Nothing
 This function is called by:
		_initTimer0
 This function uses a non-reentrant model


 *************** function _initSerial *****************
 Defined at:
		line 11 in file "Serial.c"
 Parameters:    Size  Location     Type
		None
 Auto vars:     Size  Location     Type
		None
 Return value:  Size  Location     Type
                  1    wreg      void 
 Registers used:
		wreg, status,2, status,0, pclath, cstack
 Tracked objects:
		On entry : 
		On exit  : 
		Unchanged: 
 Data sizes:     COMMON   BANK0   BANK1   BANK3   BANK2
      Params:         0       0       0       0       0
      Locals:         0       0       0       0       0
      Temps:          0       1       0       0       0
      Totals:         0       1       0       0       0
Total ram usage:        1 bytes
 Hardware stack levels used:    1
 Hardware stack levels required when called:    5
 This function calls:
		_serialOut
 This function is called by:
		_main
 This function uses a non-reentrant model


 *************** function _serialOut *****************
[...]
 Tracked objects:
		On entry : 
		On exit  : 
		Unchanged: 
 Data sizes:     COMMON   BANK0   BANK1   BANK3   BANK2
      Params:         0       3       0       0       0
      Locals:         0       1       0       0       0
      Temps:          0       1       0       0       0
      Totals:         0       5       0       0       0
Total ram usage:        5 bytes
 Hardware stack levels used:    1
 Hardware stack levels required when called:    6
 This function calls:
		_gotoxy
		_putLCD
 This function is called by:
		_logo
		_textConfig
		_textCMpar
		_textCMdat
		_textSelection1
		_textSelection2
		_textSelection3
		_textSelection4
		_textSelection5
		_textSelection6
		_textSelection7
		_textSelection8
		_textSelectionEST
		_textSelectionCLP
		_textLoading
		_easterEgg
		_main
		_textSelectionPAR
		_textSelectionDES
 This function uses a non-reentrant model


 *************** function _putLCD *****************
 Defined at:
		line 39 in file "lcd.c"
 Parameters:    Size  Location     Type
  c               1    wreg     unsigned char 
 Auto vars:     Size  Location     Type
  c               1    4[BANK0 ] unsigned char 
  nibble          1    5[BANK0 ] volatile struct .
 Return value:  Size  Location     Type
                  1    wreg      void 
 Registers used:
		wreg, status,2, status,0
 Tracked objects:
		On entry : 
		On exit  : 
		Unchanged: 
 Data sizes:     COMMON   BANK0   BANK1   BANK3   BANK2
      Params:         0       0       0       0       0
      Locals:         0       2       0       0       0
      Temps:          0       1       0       0       0
      Totals:         0       3       0       0       0
Total ram usage:        3 bytes
 Hardware stack levels used:    1
 Hardware stack levels required when called:    4
 This function calls:
		Nothing
 This function is called by:
		_writeLCD
 This function uses a non-reentrant model


 *************** function _gotoxy *****************
 Defined at:
		line 59 in file "lcd.c"
 Parameters:    Size  Location     Type
  x               1    wreg     unsigned char 
  y               1    7[BANK0 ] unsigned char 
 Auto vars:     Size  Location     Type
  x               1   10[BANK0 ] unsigned char 
 Return value:  Size  Location     Type
                  1    wreg      void 
 Registers used:
		wreg, status,2, status,0, pclath, cstack
 Tracked objects:
		On entry : 
		On exit  : 
		Unchanged: 
 Data sizes:     COMMON   BANK0   BANK1   BANK3   BANK2
      Params:         0       1       0       0       0
      Locals:         0       1       0       0       0
      Temps:          0       2       0       0       0
      Totals:         0       4       0       0       0
Total ram usage:        4 bytes
 Hardware stack levels used:    1
 Hardware stack levels required when called:    5
 This function calls:
		_cmdLCD
 This function is called by:
		_writeLCD
 This function uses a non-reentrant model


 *************** function _cmdLCD *****************
 Defined at:
		line 7 in file "lcd.c"
 Parameters:    Size  Location     Type
  cmd             1    wreg     unsigned char 
 Auto vars:     Size  Location     Type
  cmd             1    5[BANK0 ] unsigned char 
  nibble          1    6[BANK0 ] volatile struct .
 Return value:  Size  Location     Type
                  1    wreg      void 
 Registers used:
		wreg, status,2, status,0
 Tracked objects:
		On entry : 
		On exit  : 
		Unchanged: 
 Data sizes:     COMMON   BANK0   BANK1   BANK3   BANK2
      Params:         0       0       0       0       0
      Locals:         0       2       0       0       0
      Temps:          0       2       0       0       0
      Totals:         0       4       0       0       0
Total ram usage:        4 bytes
 Hardware stack levels used:    1
 Hardware stack levels required when called:    4
 This function calls:
		Nothing
 This function is called by:
		_logo
		_textConfig
		_textCMpar
		_textCMdat
		_easterEgg
		_gotoxy
		_initLCD
		_main
 This function uses a non-reentrant model


 *************** function _bordaSubidaB3 *****************
 Defined at:
		line 68 in file "bds.c"
 Parameters:    Size  Location     Type
		None
 Auto vars:     Size  Location     Type
  estadoAtualB    1    5[BANK0 ] unsigned char 
  resp2           1    4[BANK0 ] unsigned char 
 Return value:  Size  Location     Type
                  1    wreg      unsigned char 
 Registers used:
		wreg, status,2, status,0, pclath, cstack
 Tracked objects:
		On entry : 
		On exit  : 
		Unchanged: 
 Data sizes:     COMMON   BANK0   BANK1   BANK3   BANK2
      Params:         0       0       0       0       0
      Locals:         0       2       0       0       0
      Temps:          0       1       0       0       0
      Totals:         0       3       0       0       0
Total ram usage:        3 bytes
 Hardware stack levels used:    1
 Hardware stack levels required when called:    5
 This function calls:
		_B3
 This function is called by:
		_easterEgg
		_main
 This function uses a non-reentrant model


 *************** function _B3 *****************
 Defined at:
		line 25 in file "bds.c"
 Parameters:    Size  Location     Type
		None
 Auto vars:     Size  Location     Type
		None
 Return value:  Size  Location     Type
                  1    wreg      unsigned char 
 Registers used:
		wreg, status,2, status,0
 Tracked objects:
		On entry : 
		On exit  : 
		Unchanged: 
 Data sizes:     COMMON   BANK0   BANK1   BANK3   BANK2
      Params:         0       0       0       0       0
      Locals:         0       0       0       0       0
      Temps:          0       0       0       0       0
      Totals:         0       0       0       0       0
Total ram usage:        0 bytes
 Hardware stack levels used:    1
 Hardware stack levels required when called:    4
 This function calls:
		Nothing
 This function is called by:
		_bordaSubidaB3
		_main
 This function uses a non-reentrant model


 *************** function _bordaSubidaB2 *****************
 Defined at:
		line 51 in file "bds.c"
 Parameters:    Size  Location     Type
		None
 Auto vars:     Size  Location     Type
  estadoAtualB    1    6[BANK0 ] unsigned char 
  resp1           1    5[BANK0 ] unsigned char 
 Return value:  Size  Location     Type
                  1    wreg      unsigned char 
 Registers used:
		wreg, status,2, status,0, pclath, cstack
 Tracked objects:
		On entry : 
		On exit  : 
		Unchanged: 
 Data sizes:     COMMON   BANK0   BANK1   BANK3   BANK2
      Params:         0       0       0       0       0
      Locals:         0       2       0       0       0
      Temps:          0       1       0       0       0
      Totals:         0       3       0       0       0
Total ram usage:        3 bytes
 Hardware stack levels used:    1
 Hardware stack levels required when called:    5
 This function calls:
		_B2
 This function is called by:
		_easterEgg
		_main
 This function uses a non-reentrant model


 *************** function _B2 *****************
 Defined at:
		line 21 in file "bds.c"
 Parameters:    Size  Location     Type
		None
 Auto vars:     Size  Location     Type
		None
 Return value:  Size  Location     Type
                  1    wreg      unsigned char 
 Registers used:
		wreg, status,2, status,0
 Tracked objects:
		On entry : 
		On exit  : 
		Unchanged: 
 Data sizes:     COMMON   BANK0   BANK1   BANK3   BANK2
      Params:         0       0       0       0       0
      Locals:         0       0       0       0       0
      Temps:          0       1       0       0       0
      Totals:         0       1       0       0       0
Total ram usage:        1 bytes
 Hardware stack levels used:    1
 Hardware stack levels required when called:    4
 This function calls:
		Nothing
 This function is called by:
		_bordaSubidaB2
		_main
 This function uses a non-reentrant model


 *************** function _bordaSubidaB1 *****************
 Defined at:
		line 34 in file "bds.c"
 Parameters:    Size  Location     Type
		None
 Auto vars:     Size  Location     Type
  estadoAtualB    1    5[BANK0 ] unsigned char 
  resp            1    4[BANK0 ] unsigned char 
 Return value:  Size  Location     Type
                  1    wreg      unsigned char 
 Registers used:
		wreg, status,2, status,0, pclath, cstack
 Tracked objects:
		On entry : 
		On exit  : 
		Unchanged: 
 Data sizes:     COMMON   BANK0   BANK1   BANK3   BANK2
      Params:         0       0       0       0       0
      Locals:         0       2       0       0       0
      Temps:          0       1       0       0       0
      Totals:         0       3       0       0       0
Total ram usage:        3 bytes
 Hardware stack levels used:    1
 Hardware stack levels required when called:    5
 This function calls:
		_B1
 This function is called by:
		_main
 This function uses a non-reentrant model


 *************** function _B1 *****************
 Defined at:
		line 17 in file "bds.c"
 Parameters:    Size  Location     Type
		None
 Auto vars:     Size  Location     Type
		None
 Return value:  Size  Location     Type
                  1    wreg      unsigned char 
 Registers used:
		wreg, status,2, status,0
 Tracked objects:
		On entry : 
		On exit  : 
		Unchanged: 
 Data sizes:     COMMON   BANK0   BANK1   BANK3   BANK2
      Params:         0       0       0       0       0
      Locals:         0       0       0       0       0
      Temps:          0       0       0       0       0
      Totals:         0       0       0       0       0
Total ram usage:        0 bytes
 Hardware stack levels used:    1
 Hardware stack levels required when called:    4
 This function calls:
		Nothing
 This function is called by:
		_bordaSubidaB1
		_main
 This function uses a non-reentrant model


 *************** function _asciiToHex *****************
 Defined at:
		line 98 in file "Serial.c"
 Parameters:    Size  Location     Type
  a1              1    wreg     unsigned char 
  a2              1    3[BANK0 ] unsigned char 
 Auto vars:     Size  Location     Type
  a1              1    5[BANK0 ] unsigned char 
  dez             1    7[BANK0 ] unsigned char 
  uni             1    6[BANK0 ] unsigned char 
 Return value:  Size  Location     Type
                  1    wreg      unsigned char 
 Registers used:
		wreg, status,2, status,0
 Tracked objects:
		On entry : 
		On exit  : 
		Unchanged: 
 Data sizes:     COMMON   BANK0   BANK1   BANK3   BANK2
      Params:         0       1       0       0       0
      Locals:         0       3       0       0       0
      Temps:          0       1       0       0       0
      Totals:         0       5       0       0       0
Total ram usage:        5 bytes
 Hardware stack levels used:    1
 Hardware stack levels required when called:    4
 This function calls:
		Nothing
 This function is called by:
		_main
 This function uses a non-reentrant model


 *************** function _geral *****************
 Defined at:
		line 12 in file "main.c"
 Parameters:    Size  Location     Type
		None
 Auto vars:     Size  Location     Type
		None
 Return value:  Size  Location     Type
                  1    wreg      void 
 Registers used:
		wreg, fsr0l, fsr0h, status,2, status,0, pclath, cstack
 Tracked objects:
		On entry : 
		On exit  : 
		Unchanged: 
 Data sizes:     COMMON   BANK0   BANK1   BANK3   BANK2
      Params:         0       0       0       0       0
      Locals:         0       0       0       0       0
      Temps:          0       3       0       0       0
      Totals:         0       3       0       0       0
Total ram usage:        3 bytes
 Hardware stack levels used:    1
 Hardware stack levels required when called:    3
 This function calls:
		_interrupt_EUSART_RX
		_intt0_1ms
 This function is called by:
		Interrupt level 1
 This function uses a non-reentrant model


 *************** function _intt0_1ms *****************
 Defined at:
		line 9 in file "timer0.c"
 Parameters:    Size  Location     Type
		None
 Auto vars:     Size  Location     Type
		None
 Return value:  Size  Location     Type
                  1    wreg      void 
 Registers used:
		wreg, status,2
 Tracked objects:
		On entry : 
		On exit  : 
		Unchanged: 
 Data sizes:     COMMON   BANK0   BANK1   BANK3   BANK2
      Params:         0       0       0       0       0
      Locals:         0       0       0       0       0
      Temps:          1       0       0       0       0
      Totals:         1       0       0       0       0
Total ram usage:        1 bytes
 Hardware stack levels used:    1
 This function calls:
		Nothing
 This function is called by:
		_geral
 This function uses a non-reentrant model


 *************** function _interrupt_EUSART_RX *****************
 Defined at:
		line 183 in file "eusart.c"
 Parameters:    Size  Location     Type
		None
 Auto vars:     Size  Location     Type
		None
 Return value:  Size  Location     Type
                  1    wreg      void 
 Registers used:
		wreg, fsr0l, fsr0h, status,2, status,0, pclath, cstack
 Tracked objects:
		On entry : 
		On exit  : 
		Unchanged: 
 Data sizes:     COMMON   BANK0   BANK1   BANK3   BANK2
      Params:         0       0       0       0       0
      Locals:         0       0       0       0       0
      Temps:          0       0       0       0       0
      Totals:         0       0       0       0       0
Total ram usage:        0 bytes
 Hardware stack levels used:    1
 Hardware stack levels required when called:    2
 This function calls:
		_putFIFO
 This function is called by:
		_geral
 This function uses a non-reentrant model


 *************** function _putFIFO *****************
 Defined at:
		line 17 in file "fifo.c"
 Parameters:    Size  Location     Type
  c               1    wreg     unsigned char 
 Auto vars:     Size  Location     Type
  c               1   11[COMMON] unsigned char 
 Return value:  Size  Location     Type
                  1    wreg      void 
 Registers used:
		wreg, fsr0l, fsr0h, status,2, status,0, pclath, cstack
 Tracked objects:
		On entry : 
		On exit  : 
		Unchanged: 
 Data sizes:     COMMON   BANK0   BANK1   BANK3   BANK2
      Params:         0       0       0       0       0
      Locals:         1       0       0       0       0
      Temps:          4       0       0       0       0
      Totals:         5       0       0       0       0
Total ram usage:        5 bytes
 Hardware stack levels used:    1
 Hardware stack levels required when called:    1
 This function calls:
		i1___awmod
 This function is called by:
		_interrupt_EUSART_RX
 This function uses a non-reentrant model


 *************** function i1___awmod *****************
 Defined at:
		line 5 in file "C:\Program Files (x86)\Microchip\xc8\v2.00\pic\sources\c90\common\awmod.c"
 Parameters:    Size  Location     Type
  divisor         2    0[COMMON] int 
  dividend        2    2[COMMON] int 
 Auto vars:     Size  Location     Type
  __awmod         1    6[COMMON] unsigned char 
  __awmod         1    5[COMMON] unsigned char 
 Return value:  Size  Location     Type
                  2    0[COMMON] int 
 Registers used:
		wreg, status,2, status,0
 Tracked objects:
		On entry : 
		On exit  : 
		Unchanged: 
 Data sizes:     COMMON   BANK0   BANK1   BANK3   BANK2
      Params:         4       0       0       0       0
      Locals:         2       0       0       0       0
      Temps:          1       0       0       0       0
      Totals:         7       0       0       0       0
Total ram usage:        7 bytes
 Hardware stack levels used:    1
 This function calls:
		Nothing
 This function is called by:
		_putFIFO
 This function uses a non-reentrant model



MODULE INFORMATION

Module		Function		Class		Link	Load	Size
C:\Program Files (x86)\Microchip\xc8\v2.00\pic\sources\c90\common\awmod.c
		___awmod       		CODE           	13AA	0000	78

C:\Program Files (x86)\Microchip\xc8\v2.00\pic\sources\c90\common\awmod.c estimated size: 78

eusart.c
		_writeString   		CODE           	1240	0000	42
		_initEUSART    		CODE           	14FB	0000	92
		_errorRxEUSART 		CODE           	1030	0000	13
		_resetErrorRxEUSART		CODE           	1269	0000	44
		_writeEUSART   		CODE           	1FE5	0000	7
		_interrupt_EUSART_RX		CODE           	103C	0000	20

eusart.c estimated size: 218

fifo.c
		_getFIFO       		CODE           	1217	0000	42
		_putFIFO       		CODE           	114F	0000	33
		_statusFIFO    		CODE           	1133	0000	29

fifo.c estimated size: 104

timer0.c
		_intt0_1ms     		CODE           	10FD	0000	28
		_setT0limite   		CODE           	1FF2	0000	8
		_statusT0      		CODE           	1FF9	0000	8
		_initTimer0    		CODE           	1118	0000	28
		_statusT0limite		CODE           	1016	0000	8

timer0.c estimated size: 80

Serial.c
		_asciiToHex    		CODE           	11F2	0000	38
		_hexToAscii    		CODE           	1294	0000	46
		_serialIn      		CODE           	1096	0000	26
		_initSerial    		CODE           	104F	0000	23
		_serialOut     		CODE           	107D	0000	26
		_transmite     		CODE           	1325	0000	59

Serial.c estimated size: 218

bds.c
		_initBT        		CODE           	1025	0000	12
		_bordaSubidaB1 		CODE           	10AF	0000	27
		_bordaSubidaB2 		CODE           	10C9	0000	27
		_bordaSubidaB3 		CODE           	10E3	0000	27
		_B1            		CODE           	1FDB	0000	6
		_B2            		CODE           	1FEB	0000	8
		_B3            		CODE           	1FE0	0000	6

bds.c estimated size: 113

C:\Program Files (x86)\Microchip\xc8\v2.00\pic\sources\c90\common\__lldiv.c
		___lldiv       		CODE           	15B1	0000	97

C:\Program Files (x86)\Microchip\xc8\v2.00\pic\sources\c90\common\__lldiv.c estimated size: 97

C:\Program Files (x86)\Microchip\xc8\v2.00\pic\sources\c90\common\awdiv.c
		___awdiv       		CODE           	1556	0000	92

C:\Program Files (x86)\Microchip\xc8\v2.00\pic\sources\c90\common\awdiv.c estimated size: 92

auxiliar.c
		_textConfig    		CODE           	11AF	0000	33
		_textSelection1		CODE           	1611	0000	100
		_textSelection2		CODE           	1674	0000	100
		_textSelection3		CODE           	16D7	0000	100
		_textSelection4		CODE           	173A	0000	100
		_textSelection5		CODE           	179D	0000	100
		_textSelection6		CODE           	0A3B	0000	100
		_textSelection7		CODE           	0A9E	0000	100
		_textSelection8		CODE           	0599	0000	100
		_easterEgg     		CODE           	0E03	0000	510
		_textCMdat     		CODE           	116F	0000	33
		_logo          		CODE           	0BA2	0000	171
		_textLoading   		CODE           	0D06	0000	254
		_textCMpar     		CODE           	118F	0000	33
		_textSelectionCLP		CODE           	13F7	0000	86
		_textSelectionEST		CODE           	144C	0000	86

auxiliar.c estimated size: 2006

shared
		__stringtab    		STRING         	1000	0000	19
		__initialization		CODE           	0013	0000	17
		i1___awmod     		CODE           	135F	0000	76

shared estimated size: 112

lcd.c
		_putLCD        		CODE           	12C1	0000	49
		_cmdLCD        		CODE           	14A1	0000	91
		_gotoxy        		CODE           	1065	0000	25
		_writeLCD      		CODE           	0A09	0000	51
		_initLCD       		CODE           	12F1	0000	53

lcd.c estimated size: 269

bluetooth.c
		_slave1        		CODE           	0C4C	0000	187
		_master1       		CODE           	0B01	0000	162

bluetooth.c estimated size: 349

main.c
		_geral         		CODE           	11CF	0000	36
		_main          		CODE           	0027	0000	1395

main.c estimated size: 1431

