Microchip MPLAB XC8 Compiler V1.41 ()

Linker command line:

-W-3 --edf=C:\Program Files (x86)\Microchip\xc8\v1.41\dat\en_msgs.txt -cs \
  -h+dist/default/production\bluetooth.X.production.sym \
  --cmf=dist/default/production\bluetooth.X.production.cmf -z -Q16F887 \
  -oC:\Users\walla\AppData\Local\Temp\s4k4.2 \
  -Mdist/default/production/bluetooth.X.production.map -E1 -ver=XC8 \
  --acfsm=1493 -ASTACK=0110h-016fh -pstack=STACK -ACODE=00h-07FFhx4 \
  -ASTRCODE=00h-01FFFh -ASTRING=00h-0FFhx32 -ACONST=00h-0FFhx32 \
  -AENTRY=00h-0FFhx32 -ACOMMON=070h-07Fh -ABANK0=020h-06Fh \
  -ABANK1=0A0h-0EFh -ABANK2=0110h-016Fh -ABANK3=0190h-01EFh \
  -ARAM=020h-06Fh,0A0h-0EFh,0110h-016Fh,0190h-01EFh \
  -AABS1=020h-07Fh,0A0h-0EFh,0110h-016Fh,0190h-01EFh -ASFR0=00h-01Fh \
  -ASFR1=080h-09Fh -ASFR2=0100h-010Fh -ASFR3=0180h-018Fh \
  -preset_vec=00h,intentry=04h,init,end_init -ppowerup=CODE -pcinit=CODE \
  -pfunctab=CODE -ACONFIG=02007h-02008h -pconfig=CONFIG -DCONFIG=2 \
  -AIDLOC=02000h-02003h -pidloc=IDLOC -DIDLOC=2 -AEEDATA=00h-0FFh/02100h \
  -peeprom_data=EEDATA -DEEDATA=2 -DCODE=2 -DSTRCODE=2 -DSTRING=2 -DCONST=2 \
  -DENTRY=2 -k C:\Users\walla\AppData\Local\Temp\s4k4.obj \
  dist/default/production\bluetooth.X.production.obj 

Object code version is 3.11

Machine type is 16F887



                Name                               Link     Load   Length Selector   Space Scale
C:\Users\walla\AppData\Local\Temp\s4k4.obj
                end_init                             12       12        3        8       0
                reset_vec                             0        0        3        0       0
                config                             2007     2007        2     400E       0
dist/default/production\bluetooth.X.production.obj
                cinit                                15       15       14        8       0
                intentry                              4        4        E        8       0
                text56                             13C2     13C2       4B     2784       0
                text55                             11BF     11BF       20     237E       0
                text54                             10AC     10AC       13     2158       0
                text53                             116D     116D       1B     22DA       0
                text52                             123F     123F       25     247E       0
                text51                             1264     1264       25     24C8       0
                text50                             1069     1069        5     20D2       0
                text49                             111F     111F       1A     223E       0
                text48                             1079     1079        7     20F2       0
                text47                             1139     1139       1A     2272       0
                text46                             106E     106E        5     20DC       0
                text45                             1153     1153       1A     22A6       0
                text44                              9F9      9F9       13     13F2       0
                text43                             1504     1504       5A     2A08       0
                text42                             10D5     10D5       18     21AA       0
                text41                             1360     1360       30     26C0       0
                text40                             1390     1390       32     2720       0
                text39                              E2D      E2D      1D3     1C5A       0
                text38                             10A0     10A0        C     2140       0
                text37                             140D     140D       4D     281A       0
                text36                             1289     1289       29     2512       0
                text35                             1095     1095        B     212A       0
                text34                              A0C      A0C       34     1418       0
                text33                             10ED     10ED       19     21DA       0
                text32                             10BF     10BF       16     217E       0
                text31                             1080     1080        7     2100       0
                text30                             1188     1188       1B     2310       0
                text29                              BCC      BCC       AA     1798       0
                text28                             1614     1614       60     2C28       0
                text27                             155E     155E       5B     2ABC       0
                text26                             1073     1073        6     20E6       0
                text25                             12B2     12B2       29     2564       0
                text24                              557      557       A1        8       0
                text23                             12DB     12DB       2B     25B6       0
                text22                              C76      C76       BA     18EC       0
                text21                             11A3     11A3       1C     2346       0
                text20                             11DF     11DF       20     23BE       0
                text19                             11FF     11FF       20     23FE       0
                text18                             121F     121F       20     243E       0
                text17                              D30      D30       FD     1A60       0
                text16                             15B9     15B9       5B     2B72       0
                text15                             1087     1087        7     210E       0
                text14                             108E     108E        7     211C       0
                text13                             1674     1674       63     2CE8       0
                text12                             16D7     16D7       63     2DAE       0
                text11                             173A     173A       63     2E74       0
                text10                             179D     179D       63     2F3A       0
                text9                               A40      A40       63     1480       0
                text8                               AA3      AA3       63     1546       0
                text7                               B06      B06       63     160C       0
                text6                               B69      B69       63     16D2       0
                text5                              145A     145A       55     28B4       0
                text4                              14AF     14AF       55     295E       0
                text3                              1306     1306       2D     260C       0
                text2                              1106     1106       19     220C       0
                text1                              1333     1333       2D     2666       0
                maintext                             29       29      52E        8       0
                cstackBANK0                          20       20       29       20       1
                cstackCOMMON                         70       70        C       70       1
                clrtext                             5F8      5F8        8        8       0
                bssBANK1                             A0       A0       1E       A0       1
                bssBANK0                             49       49        D       20       1
                bssCOMMON                            7C       7C        1       70       1
                stringtext                          600      600      3F9        C       0
                strings                            1000     1000       12     2000       0

TOTAL           Name                               Link     Load   Length     Space
        CLASS   STACK          

        CLASS   CODE           
                end_init                             12       12        3         0
                cinit                                15       15       14         0
                intentry                              4        4        E         0
                reset_vec                             0        0        3         0
                text56                             13C2     13C2       4B         0
                text55                             11BF     11BF       20         0
                text54                             10AC     10AC       13         0
                text53                             116D     116D       1B         0
                text52                             123F     123F       25         0
                text51                             1264     1264       25         0
                text50                             1069     1069        5         0
                text49                             111F     111F       1A         0
                text48                             1079     1079        7         0
                text47                             1139     1139       1A         0
                text46                             106E     106E        5         0
                text45                             1153     1153       1A         0
                text44                              9F9      9F9       13         0
                text43                             1504     1504       5A         0
                text42                             10D5     10D5       18         0
                text41                             1360     1360       30         0
                text40                             1390     1390       32         0
                text39                              E2D      E2D      1D3         0
                text38                             10A0     10A0        C         0
                text37                             140D     140D       4D         0
                text36                             1289     1289       29         0
                text35                             1095     1095        B         0
                text34                              A0C      A0C       34         0
                text33                             10ED     10ED       19         0
                text32                             10BF     10BF       16         0
                text31                             1080     1080        7         0
                text30                             1188     1188       1B         0
                text29                              BCC      BCC       AA         0
                text28                             1614     1614       60         0
                text27                             155E     155E       5B         0
                text26                             1073     1073        6         0
                text25                             12B2     12B2       29         0
                text24                              557      557       A1         0
                text23                             12DB     12DB       2B         0
                text22                              C76      C76       BA         0
                text21                             11A3     11A3       1C         0
                text20                             11DF     11DF       20         0
                text19                             11FF     11FF       20         0
                text18                             121F     121F       20         0
                text17                              D30      D30       FD         0
                text16                             15B9     15B9       5B         0
                text15                             1087     1087        7         0
                text14                             108E     108E        7         0
                text13                             1674     1674       63         0
                text12                             16D7     16D7       63         0
                text11                             173A     173A       63         0
                text10                             179D     179D       63         0
                text9                               A40      A40       63         0
                text8                               AA3      AA3       63         0
                text7                               B06      B06       63         0
                text6                               B69      B69       63         0
                text5                              145A     145A       55         0
                text4                              14AF     14AF       55         0
                text3                              1306     1306       2D         0
                text2                              1106     1106       19         0
                text1                              1333     1333       2D         0
                maintext                             29       29      52E         0
                clrtext                             5F8      5F8        8         0

        CLASS   STRCODE        
                stringtext                          600      600      3F9         0

        CLASS   STRING         
                strings                            1000     1000       12         0

        CLASS   CONST          

        CLASS   ENTRY          

        CLASS   COMMON         
                cstackCOMMON                         70       70        C         1
                bssCOMMON                            7C       7C        1         1

        CLASS   BANK0          
                cstackBANK0                          20       20       29         1
                bssBANK0                             49       49        D         1

        CLASS   BANK1          
                bssBANK1                             A0       A0       1E         1

        CLASS   BANK2          

        CLASS   BANK3          

        CLASS   RAM            

        CLASS   ABS1           
                abs_s1                               7E       7E        2         1

        CLASS   SFR0           

        CLASS   SFR1           

        CLASS   SFR2           

        CLASS   SFR3           

        CLASS   CONFIG         
                config                             2007     2007        2         0

        CLASS   IDLOC          

        CLASS   EEDATA         



SEGMENTS        Name                           Load    Length   Top    Selector   Space  Class     Delta

                reset_vec                      000000  000003  000003         0       0  CODE        2
                intentry                       000004  0005FC  000600         8       0  CODE        2
                cstackBANK0                    000020  000036  000056        20       1  BANK0       1
                cstackCOMMON                   000070  00000D  00007D        70       1  COMMON      1
                bssBANK1                       0000A0  00001E  0000BE        A0       1  BANK1       1
                stringtext                     000600  0003F9  0009F9         C       0  STRCODE     2
                text44                         0009F9  000013  000A0C      13F2       0  CODE        2
                text34                         000A0C  000034  000A40      1418       0  CODE        2
                text9                          000A40  000063  000AA3      1480       0  CODE        2
                text8                          000AA3  000063  000B06      1546       0  CODE        2
                text7                          000B06  000063  000B69      160C       0  CODE        2
                text6                          000B69  000063  000BCC      16D2       0  CODE        2
                text29                         000BCC  0000AA  000C76      1798       0  CODE        2
                text22                         000C76  0000BA  000D30      18EC       0  CODE        2
                text17                         000D30  0000FD  000E2D      1A60       0  CODE        2
                text39                         000E2D  0001D3  001000      1C5A       0  CODE        2
                strings                        001000  000012  001012      2000       0  STRING      2
                text50                         001069  000005  00106E      20D2       0  CODE        2
                text46                         00106E  000005  001073      20DC       0  CODE        2
                text26                         001073  000006  001079      20E6       0  CODE        2
                text48                         001079  000007  001080      20F2       0  CODE        2
                text31                         001080  000007  001087      2100       0  CODE        2
                text15                         001087  000007  00108E      210E       0  CODE        2
                text14                         00108E  000007  001095      211C       0  CODE        2
                text35                         001095  00000B  0010A0      212A       0  CODE        2
                text38                         0010A0  00000C  0010AC      2140       0  CODE        2
                text54                         0010AC  000013  0010BF      2158       0  CODE        2
                text32                         0010BF  000016  0010D5      217E       0  CODE        2
                text42                         0010D5  000018  0010ED      21AA       0  CODE        2
                text33                         0010ED  000019  001106      21DA       0  CODE        2
                text2                          001106  000019  00111F      220C       0  CODE        2
                text49                         00111F  00001A  001139      223E       0  CODE        2
                text47                         001139  00001A  001153      2272       0  CODE        2
                text45                         001153  00001A  00116D      22A6       0  CODE        2
                text53                         00116D  00001B  001188      22DA       0  CODE        2
                text30                         001188  00001B  0011A3      2310       0  CODE        2
                text21                         0011A3  00001C  0011BF      2346       0  CODE        2
                text55                         0011BF  000020  0011DF      237E       0  CODE        2
                text20                         0011DF  000020  0011FF      23BE       0  CODE        2
                text19                         0011FF  000020  00121F      23FE       0  CODE        2
                text18                         00121F  000020  00123F      243E       0  CODE        2
                text52                         00123F  000025  001264      247E       0  CODE        2
                text51                         001264  000025  001289      24C8       0  CODE        2
                text36                         001289  000029  0012B2      2512       0  CODE        2
                text25                         0012B2  000029  0012DB      2564       0  CODE        2
                text23                         0012DB  00002B  001306      25B6       0  CODE        2
                text3                          001306  00002D  001333      260C       0  CODE        2
                text1                          001333  00002D  001360      2666       0  CODE        2
                text41                         001360  000030  001390      26C0       0  CODE        2
                text40                         001390  000032  0013C2      2720       0  CODE        2
                text56                         0013C2  00004B  00140D      2784       0  CODE        2
                text37                         00140D  00004D  00145A      281A       0  CODE        2
                text5                          00145A  000055  0014AF      28B4       0  CODE        2
                text4                          0014AF  000055  001504      295E       0  CODE        2
                text43                         001504  00005A  00155E      2A08       0  CODE        2
                text27                         00155E  00005B  0015B9      2ABC       0  CODE        2
                text16                         0015B9  00005B  001614      2B72       0  CODE        2
                text28                         001614  000060  001674      2C28       0  CODE        2
                text13                         001674  000063  0016D7      2CE8       0  CODE        2
                text12                         0016D7  000063  00173A      2DAE       0  CODE        2
                text11                         00173A  000063  00179D      2E74       0  CODE        2
                text10                         00179D  000063  001800      2F3A       0  CODE        2
                config                         002007  000002  002009      400E       0  CONFIG      2


UNUSED ADDRESS RANGES

        Name                Unused          Largest block    Delta
        BANK0            0056-006F             1A           1
        BANK1            00BE-00EF             32           1
        BANK2            0110-016F             60           1
        BANK3            0190-01EF             60           1
        CODE             0003-0003              1           2
                         1012-1068             57
                         1800-1FFF            800
        COMMON           007D-007D              1           1
        CONST            0003-0003              1           2
                         1012-1068             57
                         1800-1FFF            100
        EEDATA           2100-21FF            100           2
        ENTRY            0003-0003              1           2
                         1012-1068             57
                         1800-1FFF            100
        IDLOC            2000-2003              4           2
        RAM              0056-006F             1A           1
                         00BE-00EF             32
                         0110-016F             60
                         0190-01EF             60
        SFR0             0000-001F             20           1
        SFR1             0080-009F             20           1
        SFR2             0100-010F             10           1
        SFR3             0180-018F             10           1
        STACK            0110-016F             60           1
        STRCODE          0003-0003              1           2
                         1012-1068             57
                         1800-1FFF            800
        STRING           0003-0003              1           2
                         1012-1068             57
                         1800-1FFF            100

                                  Symbol Table

?___awdiv                     cstackBANK0  0026
?___awmod                     cstackBANK0  0024
?___lldiv                     cstackBANK0  0024
?_statusT0                    cstackBANK0  0024
?_statusT0limite              cstackBANK0  0024
?i1___awmod                   cstackCOMMON 0070
_ANSEL                        (abs)        0188
_ANSELH                       (abs)        0189
_B1                           text50       1069
_B2                           text48       1079
_B3                           text46       106E
_BAUDCTLbits                  (abs)        0187
_CCP1CON                      (abs)        0017
_INTCONbits                   (abs)        000B
_LCD                          (abs)        0008
_OPTION_REGbits               (abs)        0081
_PIE1bits                     (abs)        008C
_PIR1bits                     (abs)        000C
_PORTB                        (abs)        0006
_PORTBbits                    (abs)        0006
_PORTCbits                    (abs)        0007
_RCREG                        (abs)        001A
_RCSTAbits                    (abs)        0018
_SPBRbits                     (abs)        0099
_SSPSTATbits                  (abs)        0094
_TMR0                         (abs)        0001
_TRISAbits                    (abs)        0085
_TRISB                        (abs)        0086
_TRISCbits                    (abs)        0087
_TRISD                        (abs)        0088
_TXREG                        (abs)        0019
_TXSTAbits                    (abs)        0098
__CFG_BOR4V$BOR40V            (abs)        0000
__CFG_BOREN$ON                (abs)        0000
__CFG_CP$OFF                  (abs)        0000
__CFG_CPD$OFF                 (abs)        0000
__CFG_FCMEN$ON                (abs)        0000
__CFG_FOSC$HS                 (abs)        0000
__CFG_IESO$ON                 (abs)        0000
__CFG_LVP$OFF                 (abs)        0000
__CFG_MCLRE$ON                (abs)        0000
__CFG_PWRTE$ON                (abs)        0000
__CFG_WDTE$OFF                (abs)        0000
__CFG_WRT$OFF                 (abs)        0000
__Habs1                       abs1         0000
__Hbank0                      bank0        0000
__Hbank1                      bank1        0000
__Hbank2                      bank2        0000
__Hbank3                      bank3        0000
__HbssBANK0                   bssBANK0     0000
__HbssBANK1                   bssBANK1     0000
__HbssCOMMON                  bssCOMMON    0000
__Hcinit                      cinit        0029
__Hclrtext                    clrtext      0000
__Hcode                       code         0000
__Hcommon                     common       0000
__Hconfig                     config       2009
__HcstackBANK0                cstackBANK0  0000
__HcstackCOMMON               cstackCOMMON 0000
__Heeprom_data                eeprom_data  0000
__Hend_init                   end_init     0015
__Hfunctab                    functab      0000
__Hidloc                      idloc        0000
__Hinit                       init         0012
__Hintentry                   intentry     0012
__Hmaintext                   maintext     0000
__Hpowerup                    powerup      0000
__Hram                        ram          0000
__Hreset_vec                  reset_vec    0003
__Hsfr0                       sfr0         0000
__Hsfr1                       sfr1         0000
__Hsfr2                       sfr2         0000
__Hsfr3                       sfr3         0000
__Hspace_0                    (abs)        2009
__Hspace_1                    (abs)        00BE
__Hspace_2                    (abs)        0000
__Hspace_3                    (abs)        0000
__Hstack                      stack        0000
__Hstrings                    strings      0000
__Hstringtext                 stringtext   0000
__Htext                       text         0000
__Labs1                       abs1         0000
__Lbank0                      bank0        0000
__Lbank1                      bank1        0000
__Lbank2                      bank2        0000
__Lbank3                      bank3        0000
__LbssBANK0                   bssBANK0     0000
__LbssBANK1                   bssBANK1     0000
__LbssCOMMON                  bssCOMMON    0000
__Lcinit                      cinit        0015
__Lclrtext                    clrtext      0000
__Lcode                       code         0000
__Lcommon                     common       0000
__Lconfig                     config       2007
__LcstackBANK0                cstackBANK0  0000
__LcstackCOMMON               cstackCOMMON 0000
__Leeprom_data                eeprom_data  0000
__Lend_init                   end_init     0012
__Lfunctab                    functab      0000
__Lidloc                      idloc        0000
__Linit                       init         0012
__Lintentry                   intentry     0004
__Lmaintext                   maintext     0000
__Lpowerup                    powerup      0000
__Lram                        ram          0000
__Lreset_vec                  reset_vec    0000
__Lsfr0                       sfr0         0000
__Lsfr1                       sfr1         0000
__Lsfr2                       sfr2         0000
__Lsfr3                       sfr3         0000
__Lspace_0                    (abs)        0000
__Lspace_1                    (abs)        0000
__Lspace_2                    (abs)        0000
__Lspace_3                    (abs)        0000
__Lstack                      stack        0000
__Lstrings                    strings      0000
__Lstringtext                 stringtext   0000
__Ltext                       text         0000
__S0                          (abs)        2009
__S1                          (abs)        00BE
__S2                          (abs)        0000
__S3                          (abs)        0000
___awdiv                      text16       15B9
___awdiv@counter              cstackBANK0  002B
___awdiv@dividend             cstackBANK0  0028
___awdiv@divisor              cstackBANK0  0026
___awdiv@quotient             cstackBANK0  002D
___awdiv@sign                 cstackBANK0  002C
___awmod                      text37       140D
___awmod@counter              cstackBANK0  0029
___awmod@dividend             cstackBANK0  0026
___awmod@divisor              cstackBANK0  0024
___awmod@sign                 cstackBANK0  002A
___bmul                       text44       09F9
___bmul@multiplicand          cstackBANK0  0024
___bmul@multiplier            cstackBANK0  0027
___bmul@product               cstackBANK0  0026
___int_sp                     stack        0000
___latbits                    (abs)        0002
___lldiv                      text28       1614
___lldiv@counter              cstackBANK0  0031
___lldiv@dividend             cstackBANK0  0028
___lldiv@divisor              cstackBANK0  0024
___lldiv@quotient             cstackBANK0  002D
___sp                         stack        0000
__end_of_B1                   text50       106E
__end_of_B2                   text48       1080
__end_of_B3                   text46       1073
__end_of___awdiv              text16       1614
__end_of___awmod              text37       145A
__end_of___bmul               text44       0A0C
__end_of___lldiv              text28       1674
__end_of__initialization      cinit        0025
__end_of__stringtab           strings      1012
__end_of_asciiToHex           text51       1289
__end_of_bordaSubidaB1        text49       1139
__end_of_bordaSubidaB2        text47       1153
__end_of_bordaSubidaB3        text45       116D
__end_of_cmdLCD               text43       155E
__end_of_easterEgg            text39       1000
__end_of_errorRxEUSART        text38       10AC
__end_of_geral                text52       1264
__end_of_getFIFO              text36       12B2
__end_of_gotoxy               text42       10ED
__end_of_hexToAscii           text3        1333
__end_of_initBT               text35       10A0
__end_of_initEUSART           text27       15B9
__end_of_initLCD              text34       0A40
__end_of_initSerial           text32       10D5
__end_of_initTimer0           text30       11A3
__end_of_interrupt_EUSART_RX  text54       10BF
__end_of_intt0_1ms            text53       1188
__end_of_logo                 text29       0C76
__end_of_main                 maintext     0557
__end_of_master1              text24       05F8
__end_of_putFIFO              text55       11DF
__end_of_putLCD               text41       1390
__end_of_resetErrorRxEUSART   text23       1306
__end_of_serialIn             text2        111F
__end_of_serialOut            text33       1106
__end_of_setT0limite          text31       1087
__end_of_slave1               text22       0D30
__end_of_statusFIFO           text21       11BF
__end_of_statusT0             text15       108E
__end_of_statusT0limite       text14       1095
__end_of_textCMdat            text20       11FF
__end_of_textCMpar            text19       121F
__end_of_textConfig           text18       123F
__end_of_textLoading          text17       0E2D
__end_of_textSelection1       text13       16D7
__end_of_textSelection2       text12       173A
__end_of_textSelection3       text11       179D
__end_of_textSelection4       text10       1800
__end_of_textSelection5       text9        0AA3
__end_of_textSelection6       text8        0B06
__end_of_textSelection7       text7        0B69
__end_of_textSelection8       text6        0BCC
__end_of_textSelectionCLP     text5        14AF
__end_of_textSelectionEST     text4        1504
__end_of_transmite            text1        1360
__end_of_writeEUSART          text26       1079
__end_of_writeLCD             text40       13C2
__end_of_writeString          text25       12DB
__end_ofi1___awmod            text56       140D
__initialization              cinit        0015
__pbssBANK0                   bssBANK0     0049
__pbssBANK1                   bssBANK1     00A0
__pbssCOMMON                  bssCOMMON    007C
__pcstackBANK0                cstackBANK0  0020
__pcstackCOMMON               cstackCOMMON 0070
__pintentry                   intentry     0004
__pmaintext                   maintext     0029
__pstrings                    strings      1000
__pstringtext                 stringtext   0600
__ptext0                      text0        0000
__ptext1                      text1        1333
__ptext10                     text10       179D
__ptext11                     text11       173A
__ptext12                     text12       16D7
__ptext13                     text13       1674
__ptext14                     text14       108E
__ptext15                     text15       1087
__ptext16                     text16       15B9
__ptext17                     text17       0D30
__ptext18                     text18       121F
__ptext19                     text19       11FF
__ptext2                      text2        1106
__ptext20                     text20       11DF
__ptext21                     text21       11A3
__ptext22                     text22       0C76
__ptext23                     text23       12DB
__ptext24                     text24       0557
__ptext25                     text25       12B2
__ptext26                     text26       1073
__ptext27                     text27       155E
__ptext28                     text28       1614
__ptext29                     text29       0BCC
__ptext3                      text3        1306
__ptext30                     text30       1188
__ptext31                     text31       1080
__ptext32                     text32       10BF
__ptext33                     text33       10ED
__ptext34                     text34       0A0C
__ptext35                     text35       1095
__ptext36                     text36       1289
__ptext37                     text37       140D
__ptext38                     text38       10A0
__ptext39                     text39       0E2D
__ptext4                      text4        14AF
__ptext40                     text40       1390
__ptext41                     text41       1360
__ptext42                     text42       10D5
__ptext43                     text43       1504
__ptext44                     text44       09F9
__ptext45                     text45       1153
__ptext46                     text46       106E
__ptext47                     text47       1139
__ptext48                     text48       1079
__ptext49                     text49       111F
__ptext5                      text5        145A
__ptext50                     text50       1069
__ptext51                     text51       1264
__ptext52                     text52       123F
__ptext53                     text53       116D
__ptext54                     text54       10AC
__ptext55                     text55       11BF
__ptext56                     text56       13C2
__ptext6                      text6        0B69
__ptext7                      text7        0B06
__ptext8                      text8        0AA3
__ptext9                      text9        0A40
__size_of_B1                  (abs)        0000
__size_of_B2                  (abs)        0000
__size_of_B3                  (abs)        0000
__size_of___awdiv             (abs)        0000
__size_of___awmod             (abs)        0000
__size_of___bmul              (abs)        0000
__size_of___lldiv             (abs)        0000
__size_of_asciiToHex          (abs)        0000
__size_of_bordaSubidaB1       (abs)        0000
__size_of_bordaSubidaB2       (abs)        0000
__size_of_bordaSubidaB3       (abs)        0000
__size_of_cmdLCD              (abs)        0000
__size_of_easterEgg           (abs)        0000
__size_of_errorRxEUSART       (abs)        0000
__size_of_geral               (abs)        0000
__size_of_getFIFO             (abs)        0000
__size_of_gotoxy              (abs)        0000
__size_of_hexToAscii          (abs)        0000
__size_of_initBT              (abs)        0000
__size_of_initEUSART          (abs)        0000
__size_of_initLCD             (abs)        0000
__size_of_initSerial          (abs)        0000
__size_of_initTimer0          (abs)        0000
__size_of_interrupt_EUSART_RX (abs)        0000
__size_of_intt0_1ms           (abs)        0000
__size_of_logo                (abs)        0000
__size_of_main                (abs)        0000
__size_of_master1             (abs)        0000
__size_of_putFIFO             (abs)        0000
__size_of_putLCD              (abs)        0000
__size_of_resetErrorRxEUSART  (abs)        0000
__size_of_serialIn            (abs)        0000
__size_of_serialOut           (abs)        0000
__size_of_setT0limite         (abs)        0000
__size_of_slave1              (abs)        0000
__size_of_statusFIFO          (abs)        0000
__size_of_statusT0            (abs)        0000
__size_of_statusT0limite      (abs)        0000
__size_of_textCMdat           (abs)        0000
__size_of_textCMpar           (abs)        0000
__size_of_textConfig          (abs)        0000
__size_of_textLoading         (abs)        0000
__size_of_textSelection1      (abs)        0000
__size_of_textSelection2      (abs)        0000
__size_of_textSelection3      (abs)        0000
__size_of_textSelection4      (abs)        0000
__size_of_textSelection5      (abs)        0000
__size_of_textSelection6      (abs)        0000
__size_of_textSelection7      (abs)        0000
__size_of_textSelection8      (abs)        0000
__size_of_textSelectionCLP    (abs)        0000
__size_of_textSelectionEST    (abs)        0000
__size_of_transmite           (abs)        0000
__size_of_writeEUSART         (abs)        0000
__size_of_writeLCD            (abs)        0000
__size_of_writeString         (abs)        0000
__size_ofi1___awmod           (abs)        0000
__stringbase                  strings      1012
__stringtab                   strings      1000
_asciiToHex                   text51       1264
_bordaSubidaB1                text49       111F
_bordaSubidaB2                text47       1139
_bordaSubidaB3                text45       1153
_cmdLCD                       text43       1504
_comp                         bssBANK0     0052
_easterEgg                    text39       0E2D
_errorRxEUSART                text38       10A0
_estadoAnteriorB1             bssBANK0     0050
_estadoAnteriorB2             bssBANK0     004F
_estadoAnteriorB3             bssBANK0     004E
_fifo                         bssBANK1     00A0
_fifoHead                     bssCOMMON    007C
_fifoTail                     bssBANK0     004D
_geral                        text52       123F
_getFIFO                      text36       1289
_gotoxy                       text42       10D5
_hexToAscii                   text3        1306
_initBT                       text35       1095
_initEUSART                   text27       155E
_initLCD                      text34       0A0C
_initSerial                   text32       10BF
_initTimer0                   text30       1188
_interrupt_EUSART_RX          text54       10AC
_intt0_1ms                    text53       116D
_logo                         text29       0BCC
_main                         maintext     0029
_master1                      text24       0557
_putFIFO                      text55       11BF
_putLCD                       text41       1360
_resetErrorRxEUSART           text23       12DB
_rhex                         bssBANK0     0055
_serial                       bssBANK0     0051
_serialIn                     text2        1106
_serialOut                    text33       10ED
_setT0limite                  text31       1080
_slave1                       text22       0C76
_statusFIFO                   text21       11A3
_statusT0                     text15       1087
_statusT0limite               text14       108E
_t0cont                       bssBANK0     0049
_t0final                      bssBANK0     004B
_tdez                         bssBANK0     0053
_textCMdat                    text20       11DF
_textCMpar                    text19       11FF
_textConfig                   text18       121F
_textLoading                  text17       0D30
_textSelection1               text13       1674
_textSelection2               text12       16D7
_textSelection3               text11       173A
_textSelection4               text10       179D
_textSelection5               text9        0A40
_textSelection6               text8        0AA3
_textSelection7               text7        0B06
_textSelection8               text6        0B69
_textSelectionCLP             text5        145A
_textSelectionEST             text4        14AF
_transmite                    text1        1333
_tuni                         bssBANK0     0054
_writeEUSART                  text26       1073
_writeLCD                     text40       1390
_writeString                  text25       12B2
asciiToHex@a1                 cstackBANK0  0026
asciiToHex@a2                 cstackBANK0  0024
asciiToHex@dez                cstackBANK0  0028
asciiToHex@uni                cstackBANK0  0027
bordaSubidaB1@estadoAtualB1   cstackBANK0  0026
bordaSubidaB1@resp            cstackBANK0  0025
bordaSubidaB2@estadoAtualB2   cstackBANK0  0027
bordaSubidaB2@resp1           cstackBANK0  0026
bordaSubidaB3@estadoAtualB3   cstackBANK0  0026
bordaSubidaB3@resp2           cstackBANK0  0025
btemp                         (abs)        007E
clear_ram0                    clrtext      05F8
cmdLCD@cmd                    cstackBANK0  0026
cmdLCD@nibble                 cstackBANK0  0027
end_of_initialization         cinit        0025
getFIFO@aux                   cstackBANK0  002F
gotoxy@x                      cstackBANK0  002B
gotoxy@y                      cstackBANK0  0028
hexToAscii@dado               cstackBANK0  0025
hexToAscii@dez                cstackBANK0  0027
hexToAscii@uni                cstackBANK0  0026
i1___awmod                    text56       13C2
i1___awmod@counter            cstackCOMMON 0075
i1___awmod@dividend           cstackCOMMON 0072
i1___awmod@divisor            cstackCOMMON 0070
i1___awmod@sign               cstackCOMMON 0076
initEUSART@baudRate           cstackBANK0  0032
interrupt_function            intentry     0004
intlevel0                     functab      0000
intlevel1                     functab      0000
intlevel2                     functab      0000
intlevel3                     functab      0000
intlevel4                     functab      0000
intlevel5                     functab      0000
main@a                        cstackBANK0  0046
main@a1                       cstackBANK0  0043
main@a2                       cstackBANK0  0044
main@aux                      cstackBANK0  0047
main@i                        cstackBANK0  0045
main@t                        cstackBANK0  0042
putFIFO@c                     cstackCOMMON 007B
putLCD@c                      cstackBANK0  0025
putLCD@nibble                 cstackBANK0  0026
reset_vec                     reset_vec    0000
saved_w                       (abs)        007E
serialIn@dado                 cstackBANK0  0025
serialIn@i                    cstackBANK0  0026
serialOut@d                   cstackBANK0  0025
serialOut@i                   cstackBANK0  0026
setT0limite@c                 cstackBANK0  0024
stackhi                       (abs)        0000
stacklo                       (abs)        0000
start                         init         0012
start_initialization          cinit        0015
writeEUSART@d                 cstackBANK0  0024
writeLCD@ptr                  cstackBANK0  002D
writeLCD@x                    cstackBANK0  0030
writeLCD@y                    cstackBANK0  002C
writeString@str               cstackBANK0  0025
wtemp0                        (abs)        007E


FUNCTION INFORMATION:

 *************** function _main *****************
 Defined at:
		line 30 in file "main.c"
 Parameters:    Size  Location     Type
		None
 Auto vars:     Size  Location     Type
  a2              1   36[BANK0 ] unsigned char 
  a1              1   35[BANK0 ] unsigned char 
  t               1   34[BANK0 ] unsigned char 
  aux             2   39[BANK0 ] unsigned int 
  a               1   38[BANK0 ] unsigned char 
  i               1   37[BANK0 ] unsigned char 
 Return value:  Size  Location     Type
                  1    wreg      void 
 Registers used:
		wreg, fsr0l, fsr0h, status,2, status,0, btemp+1, pclath, cstack
 Tracked objects:
		On entry : 
		On exit  : 
		Unchanged: 
 Data sizes:     COMMON   BANK0   BANK1   BANK3   BANK2
      Params:         0       0       0       0       0
      Locals:         0       7       0       0       0
      Temps:          0       3       0       0       0
      Totals:         0      10       0       0       0
Total ram usage:       10 bytes
 Hardware stack levels required when called:    8
 This function calls:
		_B1
		_B2
		_B3
		_asciiToHex
		_bordaSubidaB1
		_bordaSubidaB2
		_bordaSubidaB3
		_cmdLCD
		_easterEgg
		_errorRxEUSART
		_getFIFO
		_initBT
		_initEUSART
		_initLCD
		_initSerial
		_initTimer0
		_logo
		_master1
		_resetErrorRxEUSART
		_serialOut
		_slave1
		_statusFIFO
		_textCMdat
		_textCMpar
		_textConfig
		_textLoading
		_textSelection1
		_textSelection2
		_textSelection3
		_textSelection4
		_textSelection5
		_textSelection6
		_textSelection7
		_textSelection8
		_textSelectionCLP
		_textSelectionEST
		_transmite
		_writeLCD
 This function is called by:
		Startup code after reset
 This function uses a non-reentrant model


 *************** function _transmite *****************
 Defined at:
		line 83 in file "Serial.c"
 Parameters:    Size  Location     Type
		None
 Auto vars:     Size  Location     Type
		None
 Return value:  Size  Location     Type
                  1    wreg      void 
 Registers used:
		wreg, status,2, status,0, pclath, cstack
 Tracked objects:
		On entry : 
		On exit  : 
		Unchanged: 
 Data sizes:     COMMON   BANK0   BANK1   BANK3   BANK2
      Params:         0       0       0       0       0
      Locals:         0       0       0       0       0
      Temps:          0       1       0       0       0
      Totals:         0       1       0       0       0
Total ram usage:        1 bytes
 Hardware stack levels used:    1
 Hardware stack levels required when called:    5
 This function calls:
		_hexToAscii
		_serialIn
		_writeEUSART
 This function is called by:
		_main
 This function uses a non-reentrant model


 *************** function _serialIn *****************
 Defined at:
		line 40 in file "Serial.c"
 Parameters:    Size  Location     Type
		None
 Auto vars:     Size  Location     Type
  i               1    6[BANK0 ] unsigned char 
  dado            1    5[BANK0 ] unsigned char 
 Return value:  Size  Location     Type
                  1    wreg      unsigned char 
 Registers used:
		wreg, status,2, status,0
 Tracked objects:
		On entry : 
		On exit  : 
		Unchanged: 
 Data sizes:     COMMON   BANK0   BANK1   BANK3   BANK2
      Params:         0       0       0       0       0
      Locals:         0       2       0       0       0
      Temps:          0       1       0       0       0
      Totals:         0       3       0       0       0
Total ram usage:        3 bytes
 Hardware stack levels used:    1
 Hardware stack levels required when called:    4
 This function calls:
		Nothing
 This function is called by:
		_transmite
 This function uses a non-reentrant model


 *************** function _hexToAscii *****************
 Defined at:
		line 57 in file "Serial.c"
 Parameters:    Size  Location     Type
  dado            1    wreg     unsigned char 
 Auto vars:     Size  Location     Type
  dado            1    5[BANK0 ] unsigned char 
  dez             1    7[BANK0 ] unsigned char 
  uni             1    6[BANK0 ] unsigned char 
 Return value:  Size  Location     Type
                  1    wreg      void 
 Registers used:
		wreg, status,2, status,0
 Tracked objects:
		On entry : 
		On exit  : 
		Unchanged: 
 Data sizes:     COMMON   BANK0   BANK1   BANK3   BANK2
      Params:         0       0       0       0       0
      Locals:         0       3       0       0       0
      Temps:          0       1       0       0       0
      Totals:         0       4       0       0       0
Total ram usage:        4 bytes
 Hardware stack levels used:    1
 Hardware stack levels required when called:    4
 This function calls:
		Nothing
 This function is called by:
		_transmite
 This function uses a non-reentrant model


 *************** function _textSelectionEST *****************
 Defined at:
		line 120 in file "auxiliar.c"
 Parameters:    Size  Location     Type
		None
 Auto vars:     Size  Location     Type
		None
 Return value:  Size  Location     Type
                  1    wreg      void 
 Registers used:
		wreg, fsr0l, fsr0h, status,2, status,0, btemp+1, pclath, cstack
 Tracked objects:
		On entry : 
		On exit  : 
		Unchanged: 
 Data sizes:     COMMON   BANK0   BANK1   BANK3   BANK2
      Params:         0       0       0       0       0
      Locals:         0       0       0       0       0
      Temps:          0       3       0       0       0
      Totals:         0       3       0       0       0
Total ram usage:        3 bytes
 Hardware stack levels used:    1
 Hardware stack levels required when called:    7
 This function calls:
		___awdiv
		_statusT0
		_statusT0limite
		_writeLCD
 This function is called by:
		_main
 This function uses a non-reentrant model


 *************** function _textSelectionCLP *****************
 Defined at:
		line 128 in file "auxiliar.c"
 Parameters:    Size  Location     Type
		None
 Auto vars:     Size  Location     Type
		None
 Return value:  Size  Location     Type
                  1    wreg      void 
 Registers used:
		wreg, fsr0l, fsr0h, status,2, status,0, btemp+1, pclath, cstack
 Tracked objects:
		On entry : 
		On exit  : 
		Unchanged: 
 Data sizes:     COMMON   BANK0   BANK1   BANK3   BANK2
      Params:         0       0       0       0       0
      Locals:         0       0       0       0       0
      Temps:          0       3       0       0       0
      Totals:         0       3       0       0       0
Total ram usage:        3 bytes
 Hardware stack levels used:    1
 Hardware stack levels required when called:    7
 This function calls:
		___awdiv
		_statusT0
		_statusT0limite
		_writeLCD
 This function is called by:
		_main
 This function uses a non-reentrant model


 *************** function _textSelection8 *****************
 Defined at:
		line 110 in file "auxiliar.c"
 Parameters:    Size  Location     Type
		None
 Auto vars:     Size  Location     Type
		None
 Return value:  Size  Location     Type
                  1    wreg      void 
 Registers used:
		wreg, fsr0l, fsr0h, status,2, status,0, btemp+1, pclath, cstack
 Tracked objects:
		On entry : 
		On exit  : 
		Unchanged: 
 Data sizes:     COMMON   BANK0   BANK1   BANK3   BANK2
      Params:         0       0       0       0       0
      Locals:         0       0       0       0       0
      Temps:          0       3       0       0       0
      Totals:         0       3       0       0       0
Total ram usage:        3 bytes
 Hardware stack levels used:    1
 Hardware stack levels required when called:    7
 This function calls:
		___awdiv
		_statusT0
		_statusT0limite
		_writeLCD
 This function is called by:
		_main
 This function uses a non-reentrant model


 *************** function _textSelection7 *****************
 Defined at:
		line 100 in file "auxiliar.c"
 Parameters:    Size  Location     Type
		None
 Auto vars:     Size  Location     Type
		None
 Return value:  Size  Location     Type
                  1    wreg      void 
 Registers used:
		wreg, fsr0l, fsr0h, status,2, status,0, btemp+1, pclath, cstack
 Tracked objects:
		On entry : 
		On exit  : 
		Unchanged: 
 Data sizes:     COMMON   BANK0   BANK1   BANK3   BANK2
      Params:         0       0       0       0       0
      Locals:         0       0       0       0       0
      Temps:          0       3       0       0       0
      Totals:         0       3       0       0       0
Total ram usage:        3 bytes
 Hardware stack levels used:    1
 Hardware stack levels required when called:    7
 This function calls:
		___awdiv
		_statusT0
		_statusT0limite
		_writeLCD
 This function is called by:
		_main
 This function uses a non-reentrant model


 *************** function _textSelection6 *****************
 Defined at:
		line 90 in file "auxiliar.c"
 Parameters:    Size  Location     Type
		None
 Auto vars:     Size  Location     Type
		None
 Return value:  Size  Location     Type
                  1    wreg      void 
 Registers used:
		wreg, fsr0l, fsr0h, status,2, status,0, btemp+1, pclath, cstack
 Tracked objects:
		On entry : 
		On exit  : 
		Unchanged: 
 Data sizes:     COMMON   BANK0   BANK1   BANK3   BANK2
      Params:         0       0       0       0       0
      Locals:         0       0       0       0       0
      Temps:          0       3       0       0       0
      Totals:         0       3       0       0       0
Total ram usage:        3 bytes
 Hardware stack levels used:    1
 Hardware stack levels required when called:    7
 This function calls:
		___awdiv
		_statusT0
		_statusT0limite
		_writeLCD
 This function is called by:
		_main
 This function uses a non-reentrant model


 *************** function _textSelection5 *****************
 Defined at:
		line 80 in file "auxiliar.c"
 Parameters:    Size  Location     Type
		None
 Auto vars:     Size  Location     Type
		None
 Return value:  Size  Location     Type
                  1    wreg      void 
 Registers used:
		wreg, fsr0l, fsr0h, status,2, status,0, btemp+1, pclath, cstack
 Tracked objects:
		On entry : 
		On exit  : 
		Unchanged: 
 Data sizes:     COMMON   BANK0   BANK1   BANK3   BANK2
      Params:         0       0       0       0       0
      Locals:         0       0       0       0       0
      Temps:          0       3       0       0       0
      Totals:         0       3       0       0       0
Total ram usage:        3 bytes
 Hardware stack levels used:    1
 Hardware stack levels required when called:    7
 This function calls:
		___awdiv
		_statusT0
		_statusT0limite
		_writeLCD
 This function is called by:
		_main
 This function uses a non-reentrant model


 *************** function _textSelection4 *****************
 Defined at:
		line 70 in file "auxiliar.c"
 Parameters:    Size  Location     Type
		None
 Auto vars:     Size  Location     Type
		None
 Return value:  Size  Location     Type
                  1    wreg      void 
 Registers used:
		wreg, fsr0l, fsr0h, status,2, status,0, btemp+1, pclath, cstack
 Tracked objects:
		On entry : 
		On exit  : 
		Unchanged: 
 Data sizes:     COMMON   BANK0   BANK1   BANK3   BANK2
      Params:         0       0       0       0       0
      Locals:         0       0       0       0       0
      Temps:          0       3       0       0       0
      Totals:         0       3       0       0       0
Total ram usage:        3 bytes
 Hardware stack levels used:    1
 Hardware stack levels required when called:    7
 This function calls:
		___awdiv
		_statusT0
		_statusT0limite
		_writeLCD
 This function is called by:
		_main
 This function uses a non-reentrant model


 *************** function _textSelection3 *****************
 Defined at:
		line 60 in file "auxiliar.c"
 Parameters:    Size  Location     Type
		None
 Auto vars:     Size  Location     Type
		None
 Return value:  Size  Location     Type
                  1    wreg      void 
 Registers used:
		wreg, fsr0l, fsr0h, status,2, status,0, btemp+1, pclath, cstack
 Tracked objects:
		On entry : 
		On exit  : 
		Unchanged: 
 Data sizes:     COMMON   BANK0   BANK1   BANK3   BANK2
      Params:         0       0       0       0       0
      Locals:         0       0       0       0       0
      Temps:          0       3       0       0       0
      Totals:         0       3       0       0       0
Total ram usage:        3 bytes
 Hardware stack levels used:    1
 Hardware stack levels required when called:    7
 This function calls:
		___awdiv
		_statusT0
		_statusT0limite
		_writeLCD
 This function is called by:
		_main
 This function uses a non-reentrant model


 *************** function _textSelection2 *****************
 Defined at:
		line 50 in file "auxiliar.c"
 Parameters:    Size  Location     Type
		None
 Auto vars:     Size  Location     Type
		None
 Return value:  Size  Location     Type
                  1    wreg      void 
 Registers used:
		wreg, fsr0l, fsr0h, status,2, status,0, btemp+1, pclath, cstack
 Tracked objects:
		On entry : 
		On exit  : 
		Unchanged: 
 Data sizes:     COMMON   BANK0   BANK1   BANK3   BANK2
      Params:         0       0       0       0       0
      Locals:         0       0       0       0       0
      Temps:          0       3       0       0       0
      Totals:         0       3       0       0       0
Total ram usage:        3 bytes
 Hardware stack levels used:    1
 Hardware stack levels required when called:    7
 This function calls:
		___awdiv
		_statusT0
		_statusT0limite
		_writeLCD
 This function is called by:
		_main
 This function uses a non-reentrant model


 *************** function _textSelection1 *****************
 Defined at:
		line 39 in file "auxiliar.c"
 Parameters:    Size  Location     Type
		None
 Auto vars:     Size  Location     Type
		None
 Return value:  Size  Location     Type
                  1    wreg      void 
 Registers used:
		wreg, fsr0l, fsr0h, status,2, status,0, btemp+1, pclath, cstack
 Tracked objects:
		On entry : 
		On exit  : 
		Unchanged: 
 Data sizes:     COMMON   BANK0   BANK1   BANK3   BANK2
      Params:         0       0       0       0       0
      Locals:         0       0       0       0       0
      Temps:          0       3       0       0       0
      Totals:         0       3       0       0       0
Total ram usage:        3 bytes
 Hardware stack levels used:    1
 Hardware stack levels required when called:    7
 This function calls:
		___awdiv
		_statusT0
		_statusT0limite
		_writeLCD
 This function is called by:
		_main
 This function uses a non-reentrant model


 *************** function _statusT0limite *****************
 Defined at:
		line 33 in file "timer0.c"
 Parameters:    Size  Location     Type
		None
 Auto vars:     Size  Location     Type
		None
 Return value:  Size  Location     Type
                  2    4[BANK0 ] int 
 Registers used:
		wreg
 Tracked objects:
		On entry : 
		On exit  : 
		Unchanged: 
 Data sizes:     COMMON   BANK0   BANK1   BANK3   BANK2
      Params:         0       2       0       0       0
      Locals:         0       0       0       0       0
      Temps:          0       0       0       0       0
      Totals:         0       2       0       0       0
Total ram usage:        2 bytes
 Hardware stack levels used:    1
 Hardware stack levels required when called:    4
 This function calls:
		Nothing
 This function is called by:
		_textSelection1
		_textSelection2
		_textSelection3
		_textSelection4
		_textSelection5
		_textSelection6
		_textSelection7
		_textSelection8
		_textSelectionEST
		_textSelectionCLP
		_textSelectionPAR
		_textSelectionDES
 This function uses a non-reentrant model


 *************** function _statusT0 *****************
 Defined at:
		line 24 in file "timer0.c"
 Parameters:    Size  Location     Type
		None
 Auto vars:     Size  Location     Type
		None
 Return value:  Size  Location     Type
                  2    4[BANK0 ] int 
 Registers used:
		wreg
 Tracked objects:
		On entry : 
		On exit  : 
		Unchanged: 
 Data sizes:     COMMON   BANK0   BANK1   BANK3   BANK2
      Params:         0       2       0       0       0
      Locals:         0       0       0       0       0
      Temps:          0       0       0       0       0
      Totals:         0       2       0       0       0
Total ram usage:        2 bytes
 Hardware stack levels used:    1
 Hardware stack levels required when called:    4
 This function calls:
		Nothing
 This function is called by:
		_textSelection1
		_textSelection2
		_textSelection3
		_textSelection4
		_textSelection5
		_textSelection6
		_textSelection7
		_textSelection8
		_textSelectionEST
		_textSelectionCLP
		_textSelectionPAR
		_textSelectionDES
 This function uses a non-reentrant model


 *************** function ___awdiv *****************
 Defined at:
		line 6 in file "C:\Program Files (x86)\Microchip\xc8\v1.41\sources\common\awdiv.c"
 Parameters:    Size  Location     Type
  divisor         2    6[BANK0 ] int 
  dividend        2    8[BANK0 ] int 
 Auto vars:     Size  Location     Type
  quotient        2   13[BANK0 ] int 
  sign            1   12[BANK0 ] unsigned char 
  counter         1   11[BANK0 ] unsigned char 
 Return value:  Size  Location     Type
                  2    6[BANK0 ] int 
 Registers used:
		wreg, status,2, status,0
 Tracked objects:
		On entry : 
		On exit  : 
		Unchanged: 
 Data sizes:     COMMON   BANK0   BANK1   BANK3   BANK2
      Params:         0       4       0       0       0
      Locals:         0       4       0       0       0
      Temps:          0       1       0       0       0
      Totals:         0       9       0       0       0
Total ram usage:        9 bytes
 Hardware stack levels used:    1
 Hardware stack levels required when called:    4
 This function calls:
		Nothing
 This function is called by:
		_textSelection1
		_textSelection2
		_textSelection3
		_textSelection4
		_textSelection5
		_textSelection6
		_textSelection7
		_textSelection8
		_textSelectionEST
		_textSelectionCLP
		_textSelectionPAR
		_textSelectionDES
 This function uses a non-reentrant model


 *************** function _textLoading *****************
 Defined at:
		line 156 in file "auxiliar.c"
 Parameters:    Size  Location     Type
		None
 Auto vars:     Size  Location     Type
		None
 Return value:  Size  Location     Type
                  1    wreg      void 
 Registers used:
		wreg, fsr0l, fsr0h, status,2, status,0, btemp+1, pclath, cstack
 Tracked objects:
		On entry : 
		On exit  : 
		Unchanged: 
 Data sizes:     COMMON   BANK0   BANK1   BANK3   BANK2
      Params:         0       0       0       0       0
      Locals:         0       0       0       0       0
      Temps:          0       3       0       0       0
      Totals:         0       3       0       0       0
Total ram usage:        3 bytes
 Hardware stack levels used:    1
 Hardware stack levels required when called:    7
 This function calls:
		_writeLCD
 This function is called by:
		_main
 This function uses a non-reentrant model


 *************** function _textConfig *****************
 Defined at:
		line 18 in file "auxiliar.c"
 Parameters:    Size  Location     Type
		None
 Auto vars:     Size  Location     Type
		None
 Return value:  Size  Location     Type
                  1    wreg      void 
 Registers used:
		wreg, fsr0l, fsr0h, status,2, status,0, btemp+1, pclath, cstack
 Tracked objects:
		On entry : 
		On exit  : 
		Unchanged: 
 Data sizes:     COMMON   BANK0   BANK1   BANK3   BANK2
      Params:         0       0       0       0       0
      Locals:         0       0       0       0       0
      Temps:          0       0       0       0       0
      Totals:         0       0       0       0       0
Total ram usage:        0 bytes
 Hardware stack levels used:    1
 Hardware stack levels required when called:    7
 This function calls:
		_cmdLCD
		_writeLCD
 This function is called by:
		_main
 This function uses a non-reentrant model


 *************** function _textCMpar *****************
 Defined at:
		line 25 in file "auxiliar.c"
 Parameters:    Size  Location     Type
		None
 Auto vars:     Size  Location     Type
		None
 Return value:  Size  Location     Type
                  1    wreg      void 
 Registers used:
		wreg, fsr0l, fsr0h, status,2, status,0, btemp+1, pclath, cstack
 Tracked objects:
		On entry : 
		On exit  : 
		Unchanged: 
 Data sizes:     COMMON   BANK0   BANK1   BANK3   BANK2
      Params:         0       0       0       0       0
      Locals:         0       0       0       0       0
      Temps:          0       0       0       0       0
      Totals:         0       0       0       0       0
Total ram usage:        0 bytes
 Hardware stack levels used:    1
 Hardware stack levels required when called:    7
 This function calls:
		_cmdLCD
		_writeLCD
 This function is called by:
		_main
 This function uses a non-reentrant model


 *************** function _textCMdat *****************
 Defined at:
		line 32 in file "auxiliar.c"
 Parameters:    Size  Location     Type
		None
 Auto vars:     Size  Location     Type
		None
 Return value:  Size  Location     Type
                  1    wreg      void 
 Registers used:
		wreg, fsr0l, fsr0h, status,2, status,0, btemp+1, pclath, cstack
 Tracked objects:
		On entry : 
		On exit  : 
		Unchanged: 
 Data sizes:     COMMON   BANK0   BANK1   BANK3   BANK2
      Params:         0       0       0       0       0
      Locals:         0       0       0       0       0
      Temps:          0       0       0       0       0
      Totals:         0       0       0       0       0
Total ram usage:        0 bytes
 Hardware stack levels used:    1
 Hardware stack levels required when called:    7
 This function calls:
		_cmdLCD
		_writeLCD
 This function is called by:
		_main
 This function uses a non-reentrant model


 *************** function _statusFIFO *****************
 Defined at:
		line 35 in file "fifo.c"
 Parameters:    Size  Location     Type
		None
 Auto vars:     Size  Location     Type
		None
 Return value:  Size  Location     Type
                  1    wreg      unsigned char 
 Registers used:
		wreg, status,2, status,0, pclath, cstack
 Tracked objects:
		On entry : 
		On exit  : 
		Unchanged: 
 Data sizes:     COMMON   BANK0   BANK1   BANK3   BANK2
      Params:         0       0       0       0       0
      Locals:         0       0       0       0       0
      Temps:          0       2       0       0       0
      Totals:         0       2       0       0       0
Total ram usage:        2 bytes
 Hardware stack levels used:    1
 Hardware stack levels required when called:    5
 This function calls:
		___awmod
 This function is called by:
		_main
		_statusRxEUSART
 This function uses a non-reentrant model


 *************** function _slave1 *****************
 Defined at:
		line 22 in file "bluetooth.c"
 Parameters:    Size  Location     Type
		None
 Auto vars:     Size  Location     Type
		None
 Return value:  Size  Location     Type
                  1    wreg      void 
 Registers used:
		wreg, fsr0l, fsr0h, status,2, status,0, btemp+1, pclath, cstack
 Tracked objects:
		On entry : 
		On exit  : 
		Unchanged: 
 Data sizes:     COMMON   BANK0   BANK1   BANK3   BANK2
      Params:         0       0       0       0       0
      Locals:         0       0       0       0       0
      Temps:          0       3       0       0       0
      Totals:         0       3       0       0       0
Total ram usage:        3 bytes
 Hardware stack levels used:    1
 Hardware stack levels required when called:    6
 This function calls:
		_initEUSART
		_writeString
 This function is called by:
		_main
 This function uses a non-reentrant model


 *************** function _resetErrorRxEUSART *****************
 Defined at:
		line 88 in file "eusart.c"
 Parameters:    Size  Location     Type
		None
 Auto vars:     Size  Location     Type
  aux             1    0        unsigned char 
 Return value:  Size  Location     Type
                  1    wreg      void 
 Registers used:
		wreg
 Tracked objects:
		On entry : 
		On exit  : 
		Unchanged: 
 Data sizes:     COMMON   BANK0   BANK1   BANK3   BANK2
      Params:         0       0       0       0       0
      Locals:         0       0       0       0       0
      Temps:          0       3       0       0       0
      Totals:         0       3       0       0       0
Total ram usage:        3 bytes
 Hardware stack levels used:    1
 Hardware stack levels required when called:    4
 This function calls:
		Nothing
 This function is called by:
		_main
 This function uses a non-reentrant model


 *************** function _master1 *****************
 Defined at:
		line 5 in file "bluetooth.c"
 Parameters:    Size  Location     Type
		None
 Auto vars:     Size  Location     Type
		None
 Return value:  Size  Location     Type
                  1    wreg      void 
 Registers used:
		wreg, fsr0l, fsr0h, status,2, status,0, btemp+1, pclath, cstack
 Tracked objects:
		On entry : 
		On exit  : 
		Unchanged: 
 Data sizes:     COMMON   BANK0   BANK1   BANK3   BANK2
      Params:         0       0       0       0       0
      Locals:         0       0       0       0       0
      Temps:          0       3       0       0       0
      Totals:         0       3       0       0       0
Total ram usage:        3 bytes
 Hardware stack levels used:    1
 Hardware stack levels required when called:    6
 This function calls:
		_initEUSART
		_writeString
 This function is called by:
		_main
 This function uses a non-reentrant model


 *************** function _writeString *****************
 Defined at:
		line 136 in file "eusart.c"
 Parameters:    Size  Location     Type
  str             2    5[BANK0 ] PTR const unsigned char 
		 -> STR_106(25), STR_105(25), STR_104(28), STR_103(25), 
		 -> STR_102(25), STR_101(28), STR_100(25), STR_99(25), 
		 -> STR_98(28), STR_97(17), STR_96(20), STR_95(10), 
		 -> STR_94(16), STR_93(13), STR_92(12), STR_91(11), 
		 -> STR_90(19), STR_89(17), STR_88(9), STR_87(10), 
		 -> STR_86(16), STR_85(13), STR_84(12), STR_83(19), 
 Auto vars:     Size  Location     Type
		None
 Return value:  Size  Location     Type
                  1    wreg      void 
 Registers used:
		wreg, fsr0l, fsr0h, status,2, status,0, btemp+1, pclath, cstack
 Tracked objects:
		On entry : 
		On exit  : 
		Unchanged: 
 Data sizes:     COMMON   BANK0   BANK1   BANK3   BANK2
      Params:         0       2       0       0       0
      Locals:         0       0       0       0       0
      Temps:          0       0       0       0       0
      Totals:         0       2       0       0       0
Total ram usage:        2 bytes
 Hardware stack levels used:    1
 Hardware stack levels required when called:    5
 This function calls:
		_writeEUSART
 This function is called by:
		_master1
		_slave1
		_modulo1
		_modulo2
		_modulo3
 This function uses a non-reentrant model


 *************** function _writeEUSART *****************
 Defined at:
		line 113 in file "eusart.c"
 Parameters:    Size  Location     Type
  d               1    wreg     unsigned char 
 Auto vars:     Size  Location     Type
  d               1    4[BANK0 ] unsigned char 
 Return value:  Size  Location     Type
                  1    wreg      void 
 Registers used:
		wreg
 Tracked objects:
		On entry : 
		On exit  : 
		Unchanged: 
 Data sizes:     COMMON   BANK0   BANK1   BANK3   BANK2
      Params:         0       0       0       0       0
      Locals:         0       1       0       0       0
      Temps:          0       0       0       0       0
      Totals:         0       1       0       0       0
Total ram usage:        1 bytes
 Hardware stack levels used:    1
 Hardware stack levels required when called:    4
 This function calls:
		Nothing
 This function is called by:
		_transmite
		_writeString
 This function uses a non-reentrant model


 *************** function _initEUSART *****************
 Defined at:
		line 155 in file "eusart.c"
 Parameters:    Size  Location     Type
  baudRate        4   18[BANK0 ] unsigned long 
 Auto vars:     Size  Location     Type
		None
 Return value:  Size  Location     Type
                  1    wreg      void 
 Registers used:
		wreg, status,2, status,0, pclath, cstack
 Tracked objects:
		On entry : 
		On exit  : 
		Unchanged: 
 Data sizes:     COMMON   BANK0   BANK1   BANK3   BANK2
      Params:         0       4       0       0       0
      Locals:         0       0       0       0       0
      Temps:          0       6       0       0       0
      Totals:         0      10       0       0       0
Total ram usage:       10 bytes
 Hardware stack levels used:    1
 Hardware stack levels required when called:    5
 This function calls:
		___lldiv
 This function is called by:
		_master1
		_slave1
		_main
		_modulo1
		_modulo2
		_modulo3
 This function uses a non-reentrant model


 *************** function ___lldiv *****************
 Defined at:
		line 6 in file "C:\Program Files (x86)\Microchip\xc8\v1.41\sources\common\lldiv.c"
 Parameters:    Size  Location     Type
  divisor         4    4[BANK0 ] unsigned long 
  dividend        4    8[BANK0 ] unsigned long 
 Auto vars:     Size  Location     Type
  quotient        4   13[BANK0 ] unsigned long 
  counter         1   17[BANK0 ] unsigned char 
 Return value:  Size  Location     Type
                  4    4[BANK0 ] unsigned long 
 Registers used:
		wreg, status,2, status,0
 Tracked objects:
		On entry : 
		On exit  : 
		Unchanged: 
 Data sizes:     COMMON   BANK0   BANK1   BANK3   BANK2
      Params:         0       8       0       0       0
      Locals:         0       5       0       0       0
      Temps:          0       1       0       0       0
      Totals:         0      14       0       0       0
Total ram usage:       14 bytes
 Hardware stack levels used:    1
 Hardware stack levels required when called:    4
 This function calls:
		Nothing
 This function is called by:
		_initEUSART
 This function uses a non-reentrant model


 *************** function _logo *****************
 Defined at:
		line 8 in file "auxiliar.c"
 Parameters:    Size  Location     Type
		None
 Auto vars:     Size  Location     Type
		None
 Return value:  Size  Location     Type
                  1    wreg      void 
 Registers used:
		wreg, fsr0l, fsr0h, status,2, status,0, btemp+1, pclath, cstack
 Tracked objects:
		On entry : 
		On exit  : 
		Unchanged: 
 Data sizes:     COMMON   BANK0   BANK1   BANK3   BANK2
      Params:         0       0       0       0       0
      Locals:         0       0       0       0       0
      Temps:          0       3       0       0       0
      Totals:         0       3       0       0       0
Total ram usage:        3 bytes
 Hardware stack levels used:    1
 Hardware stack levels required when called:    7
 This function calls:
		_cmdLCD
		_writeLCD
 This function is called by:
		_main
 This function uses a non-reentrant model


 *************** function _initTimer0 *****************
 Defined at:
		line 38 in file "timer0.c"
 Parameters:    Size  Location     Type
		None
 Auto vars:     Size  Location     Type
		None
 Return value:  Size  Location     Type
                  1    wreg      void 
 Registers used:
		wreg, status,2, status,0, pclath, cstack
 Tracked objects:
		On entry : 
		On exit  : 
		Unchanged: 
 Data sizes:     COMMON   BANK0   BANK1   BANK3   BANK2
      Params:         0       0       0       0       0
      Locals:         0       0       0       0       0
      Temps:          0       0       0       0       0
      Totals:         0       0       0       0       0
Total ram usage:        0 bytes
 Hardware stack levels used:    1
 Hardware stack levels required when called:    5
 This function calls:
		_setT0limite
 This function is called by:
		_main
 This function uses a non-reentrant model


 *************** function _setT0limite *****************
 Defined at:
		line 29 in file "timer0.c"
 Parameters:    Size  Location     Type
  c               2    4[BANK0 ] int 
 Auto vars:     Size  Location     Type
		None
 Return value:  Size  Location     Type
                  1    wreg      void 
 Registers used:
		wreg
 Tracked objects:
		On entry : 
		On exit  : 
		Unchanged: 
 Data sizes:     COMMON   BANK0   BANK1   BANK3   BANK2
      Params:         0       2       0       0       0
      Locals:         0       0       0       0       0
      Temps:          0       0       0       0       0
      Totals:         0       2       0       0       0
Total ram usage:        2 bytes
 Hardware stack levels used:    1
 Hardware stack levels required when called:    4
 This function calls:
		Nothing
 This function is called by:
		_initTimer0
 This function uses a non-reentrant model


 *************** function _initSerial *****************
 Defined at:
		line 11 in file "Serial.c"
 Parameters:    Size  Location     Type
		None
 Auto vars:     Size  Location     Type
		None
 Return value:  Size  Location     Type
                  1    wreg      void 
 Registers used:
		wreg, status,2, status,0, pclath, cstack
 Tracked objects:
		On entry : 
		On exit  : 
		Unchanged: 
 Data sizes:     COMMON   BANK0   BANK1   BANK3   BANK2
      Params:         0       0       0       0       0
      Locals:         0       0       0       0       0
      Temps:          0       1       0       0       0
      Totals:         0       1       0       0       0
Total ram usage:        1 bytes
[...]
 Registers used:
		wreg, status,2, status,0
 Tracked objects:
		On entry : 
		On exit  : 
		Unchanged: 
 Data sizes:     COMMON   BANK0   BANK1   BANK3   BANK2
      Params:         0       0       0       0       0
      Locals:         0       2       0       0       0
      Temps:          0       1       0       0       0
      Totals:         0       3       0       0       0
Total ram usage:        3 bytes
 Hardware stack levels used:    1
 Hardware stack levels required when called:    4
 This function calls:
		Nothing
 This function is called by:
		_writeLCD
 This function uses a non-reentrant model


 *************** function _gotoxy *****************
 Defined at:
		line 59 in file "lcd.c"
 Parameters:    Size  Location     Type
  x               1    wreg     unsigned char 
  y               1    8[BANK0 ] unsigned char 
 Auto vars:     Size  Location     Type
  x               1   11[BANK0 ] unsigned char 
 Return value:  Size  Location     Type
                  1    wreg      void 
 Registers used:
		wreg, status,2, status,0, pclath, cstack
 Tracked objects:
		On entry : 
		On exit  : 
		Unchanged: 
 Data sizes:     COMMON   BANK0   BANK1   BANK3   BANK2
      Params:         0       1       0       0       0
      Locals:         0       1       0       0       0
      Temps:          0       2       0       0       0
      Totals:         0       4       0       0       0
Total ram usage:        4 bytes
 Hardware stack levels used:    1
 Hardware stack levels required when called:    5
 This function calls:
		___bmul
		_cmdLCD
 This function is called by:
		_writeLCD
 This function uses a non-reentrant model


 *************** function _cmdLCD *****************
 Defined at:
		line 7 in file "lcd.c"
 Parameters:    Size  Location     Type
  cmd             1    wreg     unsigned char 
 Auto vars:     Size  Location     Type
  cmd             1    6[BANK0 ] unsigned char 
  nibble          1    7[BANK0 ] volatile struct .
 Return value:  Size  Location     Type
                  1    wreg      void 
 Registers used:
		wreg, status,2, status,0
 Tracked objects:
		On entry : 
		On exit  : 
		Unchanged: 
 Data sizes:     COMMON   BANK0   BANK1   BANK3   BANK2
      Params:         0       0       0       0       0
      Locals:         0       2       0       0       0
      Temps:          0       2       0       0       0
      Totals:         0       4       0       0       0
Total ram usage:        4 bytes
 Hardware stack levels used:    1
 Hardware stack levels required when called:    4
 This function calls:
		Nothing
 This function is called by:
		_logo
		_textConfig
		_textCMpar
		_textCMdat
		_easterEgg
		_gotoxy
		_initLCD
		_main
 This function uses a non-reentrant model


 *************** function ___bmul *****************
 Defined at:
		line 4 in file "C:\Program Files (x86)\Microchip\xc8\v1.41\sources\common\Umul8.c"
 Parameters:    Size  Location     Type
  multiplier      1    wreg     unsigned char 
  multiplicand    1    4[BANK0 ] unsigned char 
 Auto vars:     Size  Location     Type
  multiplier      1    7[BANK0 ] unsigned char 
  product         1    6[BANK0 ] unsigned char 
 Return value:  Size  Location     Type
                  1    wreg      unsigned char 
 Registers used:
		wreg, status,2, status,0
 Tracked objects:
		On entry : 
		On exit  : 
		Unchanged: 
 Data sizes:     COMMON   BANK0   BANK1   BANK3   BANK2
      Params:         0       1       0       0       0
      Locals:         0       2       0       0       0
      Temps:          0       1       0       0       0
      Totals:         0       4       0       0       0
Total ram usage:        4 bytes
 Hardware stack levels used:    1
 Hardware stack levels required when called:    4
 This function calls:
		Nothing
 This function is called by:
		_gotoxy
 This function uses a non-reentrant model


 *************** function _bordaSubidaB3 *****************
 Defined at:
		line 68 in file "bds.c"
 Parameters:    Size  Location     Type
		None
 Auto vars:     Size  Location     Type
  estadoAtualB    1    6[BANK0 ] unsigned char 
  resp2           1    5[BANK0 ] unsigned char 
 Return value:  Size  Location     Type
                  1    wreg      unsigned char 
 Registers used:
		wreg, status,2, status,0, pclath, cstack
 Tracked objects:
		On entry : 
		On exit  : 
		Unchanged: 
 Data sizes:     COMMON   BANK0   BANK1   BANK3   BANK2
      Params:         0       0       0       0       0
      Locals:         0       2       0       0       0
      Temps:          0       1       0       0       0
      Totals:         0       3       0       0       0
Total ram usage:        3 bytes
 Hardware stack levels used:    1
 Hardware stack levels required when called:    5
 This function calls:
		_B3
 This function is called by:
		_easterEgg
		_main
 This function uses a non-reentrant model


 *************** function _B3 *****************
 Defined at:
		line 25 in file "bds.c"
 Parameters:    Size  Location     Type
		None
 Auto vars:     Size  Location     Type
		None
 Return value:  Size  Location     Type
                  1    wreg      unsigned char 
 Registers used:
		wreg, status,2, status,0
 Tracked objects:
		On entry : 
		On exit  : 
		Unchanged: 
 Data sizes:     COMMON   BANK0   BANK1   BANK3   BANK2
      Params:         0       0       0       0       0
      Locals:         0       0       0       0       0
      Temps:          0       0       0       0       0
      Totals:         0       0       0       0       0
Total ram usage:        0 bytes
 Hardware stack levels used:    1
 Hardware stack levels required when called:    4
 This function calls:
		Nothing
 This function is called by:
		_bordaSubidaB3
		_main
 This function uses a non-reentrant model


 *************** function _bordaSubidaB2 *****************
 Defined at:
		line 51 in file "bds.c"
 Parameters:    Size  Location     Type
		None
 Auto vars:     Size  Location     Type
  estadoAtualB    1    7[BANK0 ] unsigned char 
  resp1           1    6[BANK0 ] unsigned char 
 Return value:  Size  Location     Type
                  1    wreg      unsigned char 
 Registers used:
		wreg, status,2, status,0, pclath, cstack
 Tracked objects:
		On entry : 
		On exit  : 
		Unchanged: 
 Data sizes:     COMMON   BANK0   BANK1   BANK3   BANK2
      Params:         0       0       0       0       0
      Locals:         0       2       0       0       0
      Temps:          0       1       0       0       0
      Totals:         0       3       0       0       0
Total ram usage:        3 bytes
 Hardware stack levels used:    1
 Hardware stack levels required when called:    5
 This function calls:
		_B2
 This function is called by:
		_easterEgg
		_main
 This function uses a non-reentrant model


 *************** function _B2 *****************
 Defined at:
		line 21 in file "bds.c"
 Parameters:    Size  Location     Type
		None
 Auto vars:     Size  Location     Type
		None
 Return value:  Size  Location     Type
                  1    wreg      unsigned char 
 Registers used:
		wreg, status,2, status,0
 Tracked objects:
		On entry : 
		On exit  : 
		Unchanged: 
 Data sizes:     COMMON   BANK0   BANK1   BANK3   BANK2
      Params:         0       0       0       0       0
      Locals:         0       0       0       0       0
      Temps:          0       1       0       0       0
      Totals:         0       1       0       0       0
Total ram usage:        1 bytes
 Hardware stack levels used:    1
 Hardware stack levels required when called:    4
 This function calls:
		Nothing
 This function is called by:
		_bordaSubidaB2
		_main
 This function uses a non-reentrant model


 *************** function _bordaSubidaB1 *****************
 Defined at:
		line 34 in file "bds.c"
 Parameters:    Size  Location     Type
		None
 Auto vars:     Size  Location     Type
  estadoAtualB    1    6[BANK0 ] unsigned char 
  resp            1    5[BANK0 ] unsigned char 
 Return value:  Size  Location     Type
                  1    wreg      unsigned char 
 Registers used:
		wreg, status,2, status,0, pclath, cstack
 Tracked objects:
		On entry : 
		On exit  : 
		Unchanged: 
 Data sizes:     COMMON   BANK0   BANK1   BANK3   BANK2
      Params:         0       0       0       0       0
      Locals:         0       2       0       0       0
      Temps:          0       1       0       0       0
      Totals:         0       3       0       0       0
Total ram usage:        3 bytes
 Hardware stack levels used:    1
 Hardware stack levels required when called:    5
 This function calls:
		_B1
 This function is called by:
		_main
 This function uses a non-reentrant model


 *************** function _B1 *****************
 Defined at:
		line 17 in file "bds.c"
 Parameters:    Size  Location     Type
		None
 Auto vars:     Size  Location     Type
		None
 Return value:  Size  Location     Type
                  1    wreg      unsigned char 
 Registers used:
		wreg, status,2, status,0
 Tracked objects:
		On entry : 
		On exit  : 
		Unchanged: 
 Data sizes:     COMMON   BANK0   BANK1   BANK3   BANK2
      Params:         0       0       0       0       0
      Locals:         0       0       0       0       0
      Temps:          0       0       0       0       0
      Totals:         0       0       0       0       0
Total ram usage:        0 bytes
 Hardware stack levels used:    1
 Hardware stack levels required when called:    4
 This function calls:
		Nothing
 This function is called by:
		_bordaSubidaB1
		_main
 This function uses a non-reentrant model


 *************** function _asciiToHex *****************
 Defined at:
		line 98 in file "Serial.c"
 Parameters:    Size  Location     Type
  a1              1    wreg     unsigned char 
  a2              1    4[BANK0 ] unsigned char 
 Auto vars:     Size  Location     Type
  a1              1    6[BANK0 ] unsigned char 
  dez             1    8[BANK0 ] unsigned char 
  uni             1    7[BANK0 ] unsigned char 
 Return value:  Size  Location     Type
                  1    wreg      unsigned char 
 Registers used:
		wreg, status,2, status,0
 Tracked objects:
		On entry : 
		On exit  : 
		Unchanged: 
 Data sizes:     COMMON   BANK0   BANK1   BANK3   BANK2
      Params:         0       1       0       0       0
      Locals:         0       3       0       0       0
      Temps:          0       1       0       0       0
      Totals:         0       5       0       0       0
Total ram usage:        5 bytes
 Hardware stack levels used:    1
 Hardware stack levels required when called:    4
 This function calls:
		Nothing
 This function is called by:
		_main
 This function uses a non-reentrant model


 *************** function _geral *****************
 Defined at:
		line 12 in file "main.c"
 Parameters:    Size  Location     Type
		None
 Auto vars:     Size  Location     Type
		None
 Return value:  Size  Location     Type
                  1    wreg      void 
 Registers used:
		wreg, fsr0l, fsr0h, status,2, status,0, pclath, cstack
 Tracked objects:
		On entry : 
		On exit  : 
		Unchanged: 
 Data sizes:     COMMON   BANK0   BANK1   BANK3   BANK2
      Params:         0       0       0       0       0
      Locals:         0       0       0       0       0
      Temps:          0       4       0       0       0
      Totals:         0       4       0       0       0
Total ram usage:        4 bytes
 Hardware stack levels used:    1
 Hardware stack levels required when called:    3
 This function calls:
		_interrupt_EUSART_RX
		_intt0_1ms
 This function is called by:
		Interrupt level 1
 This function uses a non-reentrant model


 *************** function _intt0_1ms *****************
 Defined at:
		line 9 in file "timer0.c"
 Parameters:    Size  Location     Type
		None
 Auto vars:     Size  Location     Type
		None
 Return value:  Size  Location     Type
                  1    wreg      void 
 Registers used:
		wreg, status,2
 Tracked objects:
		On entry : 
		On exit  : 
		Unchanged: 
 Data sizes:     COMMON   BANK0   BANK1   BANK3   BANK2
      Params:         0       0       0       0       0
      Locals:         0       0       0       0       0
      Temps:          1       0       0       0       0
      Totals:         1       0       0       0       0
Total ram usage:        1 bytes
 Hardware stack levels used:    1
 This function calls:
		Nothing
 This function is called by:
		_geral
 This function uses a non-reentrant model


 *************** function _interrupt_EUSART_RX *****************
 Defined at:
		line 183 in file "eusart.c"
 Parameters:    Size  Location     Type
		None
 Auto vars:     Size  Location     Type
		None
 Return value:  Size  Location     Type
                  1    wreg      void 
 Registers used:
		wreg, fsr0l, fsr0h, status,2, status,0, pclath, cstack
 Tracked objects:
		On entry : 
		On exit  : 
		Unchanged: 
 Data sizes:     COMMON   BANK0   BANK1   BANK3   BANK2
      Params:         0       0       0       0       0
      Locals:         0       0       0       0       0
      Temps:          0       0       0       0       0
      Totals:         0       0       0       0       0
Total ram usage:        0 bytes
 Hardware stack levels used:    1
 Hardware stack levels required when called:    2
 This function calls:
		_putFIFO
 This function is called by:
		_geral
 This function uses a non-reentrant model


 *************** function _putFIFO *****************
 Defined at:
		line 17 in file "fifo.c"
 Parameters:    Size  Location     Type
  c               1    wreg     unsigned char 
 Auto vars:     Size  Location     Type
  c               1   11[COMMON] unsigned char 
 Return value:  Size  Location     Type
                  1    wreg      void 
 Registers used:
		wreg, fsr0l, fsr0h, status,2, status,0, pclath, cstack
 Tracked objects:
		On entry : 
		On exit  : 
		Unchanged: 
 Data sizes:     COMMON   BANK0   BANK1   BANK3   BANK2
      Params:         0       0       0       0       0
      Locals:         1       0       0       0       0
      Temps:          4       0       0       0       0
      Totals:         5       0       0       0       0
Total ram usage:        5 bytes
 Hardware stack levels used:    1
 Hardware stack levels required when called:    1
 This function calls:
		i1___awmod
 This function is called by:
		_interrupt_EUSART_RX
 This function uses a non-reentrant model


 *************** function i1___awmod *****************
 Defined at:
		line 6 in file "C:\Program Files (x86)\Microchip\xc8\v1.41\sources\common\awmod.c"
 Parameters:    Size  Location     Type
  divisor         2    0[COMMON] int 
  dividend        2    2[COMMON] int 
 Auto vars:     Size  Location     Type
  __awmod         1    6[COMMON] unsigned char 
  __awmod         1    5[COMMON] unsigned char 
 Return value:  Size  Location     Type
                  2    0[COMMON] int 
 Registers used:
		wreg, status,2, status,0
 Tracked objects:
		On entry : 
		On exit  : 
		Unchanged: 
 Data sizes:     COMMON   BANK0   BANK1   BANK3   BANK2
      Params:         4       0       0       0       0
      Locals:         2       0       0       0       0
      Temps:          1       0       0       0       0
      Totals:         7       0       0       0       0
Total ram usage:        7 bytes
 Hardware stack levels used:    1
 This function calls:
		Nothing
 This function is called by:
		_putFIFO
 This function uses a non-reentrant model



MODULE INFORMATION

Module		Function		Class		Link	Load	Size
C:\Program Files (x86)\Microchip\xc8\v1.41\sources\common\awdiv.c
		___awdiv       		CODE           	15B9	0000	92

C:\Program Files (x86)\Microchip\xc8\v1.41\sources\common\awdiv.c estimated size: 92

C:\Program Files (x86)\Microchip\xc8\v1.41\sources\common\lldiv.c
		___lldiv       		CODE           	1614	0000	97

C:\Program Files (x86)\Microchip\xc8\v1.41\sources\common\lldiv.c estimated size: 97

C:\Program Files (x86)\Microchip\xc8\v1.41\sources\common\Umul8.c
		___bmul        		CODE           	09F9	0000	20

C:\Program Files (x86)\Microchip\xc8\v1.41\sources\common\Umul8.c estimated size: 20

eusart.c
		_writeString   		CODE           	12B2	0000	42
		_initEUSART    		CODE           	155E	0000	92
		_errorRxEUSART 		CODE           	10A0	0000	13
		_resetErrorRxEUSART		CODE           	12DB	0000	44
		_writeEUSART   		CODE           	1073	0000	7
		_interrupt_EUSART_RX		CODE           	10AC	0000	20

eusart.c estimated size: 218

fifo.c
		_getFIFO       		CODE           	1289	0000	42
		_putFIFO       		CODE           	11BF	0000	33
		_statusFIFO    		CODE           	11A3	0000	29

fifo.c estimated size: 104

timer0.c
		_intt0_1ms     		CODE           	116D	0000	28
		_setT0limite   		CODE           	1080	0000	8
		_statusT0      		CODE           	1087	0000	8
		_initTimer0    		CODE           	1188	0000	28
		_statusT0limite		CODE           	108E	0000	8

timer0.c estimated size: 80

Serial.c
		_asciiToHex    		CODE           	1264	0000	38
		_hexToAscii    		CODE           	1306	0000	46
		_serialIn      		CODE           	1106	0000	26
		_initSerial    		CODE           	10BF	0000	23
		_serialOut     		CODE           	10ED	0000	26
		_transmite     		CODE           	1333	0000	46

Serial.c estimated size: 205

bds.c
		_initBT        		CODE           	1095	0000	12
		_bordaSubidaB1 		CODE           	111F	0000	27
		_bordaSubidaB2 		CODE           	1139	0000	27
		_bordaSubidaB3 		CODE           	1153	0000	27
		_B1            		CODE           	1069	0000	6
		_B2            		CODE           	1079	0000	8
		_B3            		CODE           	106E	0000	6

bds.c estimated size: 113

auxiliar.c
		_textConfig    		CODE           	121F	0000	33
		_textSelection1		CODE           	1674	0000	100
		_textSelection2		CODE           	16D7	0000	100
		_textSelection3		CODE           	173A	0000	100
		_textSelection4		CODE           	179D	0000	100
		_textSelection5		CODE           	0A40	0000	100
		_textSelection6		CODE           	0AA3	0000	100
		_textSelection7		CODE           	0B06	0000	100
		_textSelection8		CODE           	0B69	0000	100
		_easterEgg     		CODE           	0E2D	0000	468
		_textCMdat     		CODE           	11DF	0000	33
		_logo          		CODE           	0BCC	0000	171
		_textLoading   		CODE           	0D30	0000	254
		_textCMpar     		CODE           	11FF	0000	33
		_textSelectionCLP		CODE           	145A	0000	86
		_textSelectionEST		CODE           	14AF	0000	86

auxiliar.c estimated size: 1964

shared
		__stringtab    		STRING         	1000	0000	19
		__initialization		CODE           	0015	0000	17
		i1___awmod     		CODE           	13C2	0000	76

shared estimated size: 112

C:\Program Files (x86)\Microchip\xc8\v1.41\sources\common\awmod.c
		___awmod       		CODE           	140D	0000	78

C:\Program Files (x86)\Microchip\xc8\v1.41\sources\common\awmod.c estimated size: 78

lcd.c
		_putLCD        		CODE           	1360	0000	49
		_cmdLCD        		CODE           	1504	0000	91
		_gotoxy        		CODE           	10D5	0000	25
		_writeLCD      		CODE           	1390	0000	51
		_initLCD       		CODE           	0A0C	0000	53

lcd.c estimated size: 269

bluetooth.c
		_slave1        		CODE           	0C76	0000	187
		_master1       		CODE           	0557	0000	162

bluetooth.c estimated size: 349

main.c
		_geral         		CODE           	123F	0000	38
		_main          		CODE           	0029	0000	1327

main.c estimated size: 1365

